
> math-bot@1.26.0 check-types C:\Users\User\Downloads\math-bot
> tsc --noEmit

scripts/seed-test-users.ts(385,50): error TS2769: No overload matches this call.
  Overload 1 of 2, '(value: { role: "user" | "system" | "assistant" | SQL<unknown> | Placeholder<string, any>; id: string | SQL<unknown> | Placeholder<string, any>; threadId: string | ... 1 more ... | Placeholder<...>; createdAt?: Date | ... 2 more ... | undefined; parts?: SQL<...> | ... 3 more ... | undefined; metadata?: SQL<...> | ... 3 more ... | undefined; }): PgInsertBase<...>', gave the following error.
    Argument of type '({ id: string; threadId: string; role: "user"; parts: { type: string; text: string; }[]; } | { id: string; threadId: string; role: "assistant"; parts: { type: string; text: string; }[]; metadata: { chatModel: { provider: string; model: string; }; usage: { ...; }; }; })[]' is not assignable to parameter of type '{ role: "user" | "system" | "assistant" | SQL<unknown> | Placeholder<string, any>; id: string | SQL<unknown> | Placeholder<string, any>; threadId: string | SQL<...> | Placeholder<...>; createdAt?: Date | ... 2 more ... | undefined; parts?: SQL<...> | ... 3 more ... | undefined; metadata?: SQL<...> | ... 3 more ... |...'.
      Type '({ id: string; threadId: string; role: "user"; parts: { type: string; text: string; }[]; } | { id: string; threadId: string; role: "assistant"; parts: { type: string; text: string; }[]; metadata: { chatModel: { provider: string; model: string; }; usage: { ...; }; }; })[]' is missing the following properties from type '{ role: "user" | "system" | "assistant" | SQL<unknown> | Placeholder<string, any>; id: string | SQL<unknown> | Placeholder<string, any>; threadId: string | SQL<...> | Placeholder<...>; createdAt?: Date | ... 2 more ... | undefined; parts?: SQL<...> | ... 3 more ... | undefined; metadata?: SQL<...> | ... 3 more ... |...': role, id, threadId
src/app/api/chat/route.ts(366,11): error TS2740: Type 'Promise<ModelMessage[]>' is missing the following properties from type 'ModelMessage[]': length, pop, push, concat, and 35 more.
src/app/api/chat/temporary/route.ts(46,7): error TS2740: Type 'Promise<ModelMessage[]>' is missing the following properties from type 'ModelMessage[]': length, pop, push, concat, and 35 more.
src/components/chat-bot-temporary.tsx(72,5): error TS2322: Type 'DefaultChatTransport<UIMessage<unknown, UIDataTypes, UITools>>' is not assignable to type 'ChatTransport<UIMessage<unknown, UIDataTypes, UITools>>'.
  The types returned by 'sendMessages(...)' are incompatible between these types.
    Type 'Promise<ReadableStream<import("C:/Users/User/Downloads/math-bot/node_modules/.pnpm/ai@6.0.134_zod@4.1.12/node_modules/ai/dist/index").UIMessageChunk<unknown, import("C:/Users/User/Downloads/math-bot/node_modules/.pnpm/ai@6.0.134_zod@4.1.12/node_modules/ai/dist/index").UIDataTypes>>>' is not assignable to type 'Promise<ReadableStream<import("C:/Users/User/Downloads/math-bot/node_modules/.pnpm/ai@5.0.100_zod@4.1.12/node_modules/ai/dist/index").UIMessageChunk<unknown, import("C:/Users/User/Downloads/math-bot/node_modules/.pnpm/ai@5.0.100_zod@4.1.12/node_modules/ai/dist/index").UIDataTypes>>>'.
      Type 'ReadableStream<import("C:/Users/User/Downloads/math-bot/node_modules/.pnpm/ai@6.0.134_zod@4.1.12/node_modules/ai/dist/index").UIMessageChunk<unknown, import("C:/Users/User/Downloads/math-bot/node_modules/.pnpm/ai@6.0.134_zod@4.1.12/node_modules/ai/dist/index").UIDataTypes>>' is not assignable to type 'ReadableStream<import("C:/Users/User/Downloads/math-bot/node_modules/.pnpm/ai@5.0.100_zod@4.1.12/node_modules/ai/dist/index").UIMessageChunk<unknown, import("C:/Users/User/Downloads/math-bot/node_modules/.pnpm/ai@5.0.100_zod@4.1.12/node_modules/ai/dist/index").UIDataTypes>>'.
        Type 'import("C:/Users/User/Downloads/math-bot/node_modules/.pnpm/ai@6.0.134_zod@4.1.12/node_modules/ai/dist/index").UIMessageChunk<unknown, import("C:/Users/User/Downloads/math-bot/node_modules/.pnpm/ai@6.0.134_zod@4.1.12/node_modules/ai/dist/index").UIDataTypes>' is not assignable to type 'import("C:/Users/User/Downloads/math-bot/node_modules/.pnpm/ai@5.0.100_zod@4.1.12/node_modules/ai/dist/index").UIMessageChunk<unknown, import("C:/Users/User/Downloads/math-bot/node_modules/.pnpm/ai@5.0.100_zod@4.1.12/node_modules/ai/dist/index").UIDataTypes>'.
          Type '{ type: "text-start"; id: string; providerMetadata?: SharedV3ProviderMetadata | undefined; }' is not assignable to type 'UIMessageChunk<unknown, UIDataTypes>'.
            Type '{ type: "text-start"; id: string; providerMetadata?: SharedV3ProviderMetadata | undefined; }' is not assignable to type '{ type: "text-start"; id: string; providerMetadata?: SharedV2ProviderMetadata | undefined; }'.
              Types of property 'providerMetadata' are incompatible.
                Type 'SharedV3ProviderMetadata | undefined' is not assignable to type 'SharedV2ProviderMetadata | undefined'.
                  Type 'SharedV3ProviderMetadata' is not assignable to type 'SharedV2ProviderMetadata'.
                    'string' index signatures are incompatible.
                      Type 'JSONObject' is not assignable to type 'Record<string, JSONValue>'.
                        'string' index signatures are incompatible.
                          Type 'JSONValue | undefined' is not assignable to type 'JSONValue'.
                            Type 'undefined' is not assignable to type 'JSONValue'.
src/components/chat-bot-temporary.tsx(200,11): error TS2322: Type '(message?: (Omit<import("C:/Users/User/Downloads/math-bot/node_modules/.pnpm/ai@5.0.100_zod@4.1.12/node_modules/ai/dist/index").UIMessage<unknown, import("C:/Users/User/Downloads/math-bot/node_modules/.pnpm/ai@5.0.100_zod@4.1.12/node_modules/ai/dist/index").UIDataTypes, import("C:/Users/User/Downloads/math-bot/node_...' is not assignable to type '(message?: (Omit<import("C:/Users/User/Downloads/math-bot/node_modules/.pnpm/ai@6.0.134_zod@4.1.12/node_modules/ai/dist/index").UIMessage<unknown, import("C:/Users/User/Downloads/math-bot/node_modules/.pnpm/ai@6.0.134_zod@4.1.12/node_modules/ai/dist/index").UIDataTypes, import("C:/Users/User/Downloads/math-bot/node_...'.
  Types of parameters 'message' and 'message' are incompatible.
    Type '(Omit<import("C:/Users/User/Downloads/math-bot/node_modules/.pnpm/ai@6.0.134_zod@4.1.12/node_modules/ai/dist/index").UIMessage<unknown, import("C:/Users/User/Downloads/math-bot/node_modules/.pnpm/ai@6.0.134_zod@4.1.12/node_modules/ai/dist/index").UIDataTypes, import("C:/Users/User/Downloads/math-bot/node_modules/.pn...' is not assignable to type '(Omit<import("C:/Users/User/Downloads/math-bot/node_modules/.pnpm/ai@5.0.100_zod@4.1.12/node_modules/ai/dist/index").UIMessage<unknown, import("C:/Users/User/Downloads/math-bot/node_modules/.pnpm/ai@5.0.100_zod@4.1.12/node_modules/ai/dist/index").UIDataTypes, import("C:/Users/User/Downloads/math-bot/node_modules/.pn...'.
      Type 'Omit<UIMessage<unknown, UIDataTypes, UITools>, "role" | "id"> & { id?: string | undefined; role?: "user" | "system" | "assistant" | undefined; } & { ...; }' is not assignable to type '(Omit<UIMessage<unknown, UIDataTypes, UITools>, "role" | "id"> & { id?: string | undefined; role?: "user" | "system" | "assistant" | undefined; } & { ...; }) | { ...; } | { ...; } | undefined'.
        Type 'Omit<import("C:/Users/User/Downloads/math-bot/node_modules/.pnpm/ai@6.0.134_zod@4.1.12/node_modules/ai/dist/index").UIMessage<unknown, import("C:/Users/User/Downloads/math-bot/node_modules/.pnpm/ai@6.0.134_zod@4.1.12/node_modules/ai/dist/index").UIDataTypes, import("C:/Users/User/Downloads/math-bot/node_modules/.pnp...' is not assignable to type 'Omit<import("C:/Users/User/Downloads/math-bot/node_modules/.pnpm/ai@5.0.100_zod@4.1.12/node_modules/ai/dist/index").UIMessage<unknown, import("C:/Users/User/Downloads/math-bot/node_modules/.pnpm/ai@5.0.100_zod@4.1.12/node_modules/ai/dist/index").UIDataTypes, import("C:/Users/User/Downloads/math-bot/node_modules/.pnp...'.
          Type 'Omit<UIMessage<unknown, UIDataTypes, UITools>, "role" | "id"> & { id?: string | undefined; role?: "user" | "system" | "assistant" | undefined; } & { ...; }' is not assignable to type 'Omit<UIMessage<unknown, UIDataTypes, UITools>, "role" | "id">'.
            Types of property 'parts' are incompatible.
              Type 'import("C:/Users/User/Downloads/math-bot/node_modules/.pnpm/ai@6.0.134_zod@4.1.12/node_modules/ai/dist/index").UIMessagePart<import("C:/Users/User/Downloads/math-bot/node_modules/.pnpm/ai@6.0.134_zod@4.1.12/node_modules/ai/dist/index").UIDataTypes, import("C:/Users/User/Downloads/math-bot/node_modules/.pnpm/ai@6.0.1...' is not assignable to type 'import("C:/Users/User/Downloads/math-bot/node_modules/.pnpm/ai@5.0.100_zod@4.1.12/node_modules/ai/dist/index").UIMessagePart<import("C:/Users/User/Downloads/math-bot/node_modules/.pnpm/ai@5.0.100_zod@4.1.12/node_modules/ai/dist/index").UIDataTypes, import("C:/Users/User/Downloads/math-bot/node_modules/.pnpm/ai@5.0.1...'.
                Type 'import("C:/Users/User/Downloads/math-bot/node_modules/.pnpm/ai@6.0.134_zod@4.1.12/node_modules/ai/dist/index").UIMessagePart<import("C:/Users/User/Downloads/math-bot/node_modules/.pnpm/ai@6.0.134_zod@4.1.12/node_modules/ai/dist/index").UIDataTypes, import("C:/Users/User/Downloads/math-bot/node_modules/.pnpm/ai@6.0.1...' is not assignable to type 'import("C:/Users/User/Downloads/math-bot/node_modules/.pnpm/ai@5.0.100_zod@4.1.12/node_modules/ai/dist/index").UIMessagePart<import("C:/Users/User/Downloads/math-bot/node_modules/.pnpm/ai@5.0.100_zod@4.1.12/node_modules/ai/dist/index").UIDataTypes, import("C:/Users/User/Downloads/math-bot/node_modules/.pnpm/ai@5.0.1...'.
                  Type 'TextUIPart' is not assignable to type 'UIMessagePart<UIDataTypes, UITools>'.
                    Type 'import("C:/Users/User/Downloads/math-bot/node_modules/.pnpm/ai@6.0.134_zod@4.1.12/node_modules/ai/dist/index").TextUIPart' is not assignable to type 'import("C:/Users/User/Downloads/math-bot/node_modules/.pnpm/ai@5.0.100_zod@4.1.12/node_modules/ai/dist/index").TextUIPart'.
                      Types of property 'providerMetadata' are incompatible.
                        Type 'SharedV3ProviderMetadata | undefined' is not assignable to type 'SharedV2ProviderMetadata | undefined'.
                          Type 'SharedV3ProviderMetadata' is not assignable to type 'SharedV2ProviderMetadata'.
                            'string' index signatures are incompatible.
                              Type 'JSONObject' is not assignable to type 'Record<string, JSONValue>'.
                                'string' index signatures are incompatible.
                                  Type 'JSONValue | undefined' is not assignable to type 'JSONValue'.
                                    Type 'undefined' is not assignable to type 'JSONValue'.
src/components/chat-bot-temporary.tsx(201,11): error TS2322: Type '(messages: import("C:/Users/User/Downloads/math-bot/node_modules/.pnpm/ai@5.0.100_zod@4.1.12/node_modules/ai/dist/index").UIMessage<unknown, import("C:/Users/User/Downloads/math-bot/node_modules/.pnpm/ai@5.0.100_zod@4.1.12/node_modules/ai/dist/index").UIDataTypes, import("C:/Users/User/Downloads/math-bot/node_module...' is not assignable to type '(messages: import("C:/Users/User/Downloads/math-bot/node_modules/.pnpm/ai@6.0.134_zod@4.1.12/node_modules/ai/dist/index").UIMessage<unknown, import("C:/Users/User/Downloads/math-bot/node_modules/.pnpm/ai@6.0.134_zod@4.1.12/node_modules/ai/dist/index").UIDataTypes, import("C:/Users/User/Downloads/math-bot/node_module...'.
  Types of parameters 'messages' and 'messages' are incompatible.
    Type 'import("C:/Users/User/Downloads/math-bot/node_modules/.pnpm/ai@6.0.134_zod@4.1.12/node_modules/ai/dist/index").UIMessage<unknown, import("C:/Users/User/Downloads/math-bot/node_modules/.pnpm/ai@6.0.134_zod@4.1.12/node_modules/ai/dist/index").UIDataTypes, import("C:/Users/User/Downloads/math-bot/node_modules/.pnpm/ai@...' is not assignable to type 'import("C:/Users/User/Downloads/math-bot/node_modules/.pnpm/ai@5.0.100_zod@4.1.12/node_modules/ai/dist/index").UIMessage<unknown, import("C:/Users/User/Downloads/math-bot/node_modules/.pnpm/ai@5.0.100_zod@4.1.12/node_modules/ai/dist/index").UIDataTypes, import("C:/Users/User/Downloads/math-bot/node_modules/.pnpm/ai@...'.
      Type 'UIMessage<unknown, UIDataTypes, UITools>[]' is not assignable to type 'UIMessage<unknown, UIDataTypes, UITools>[] | ((messages: UIMessage<unknown, UIDataTypes, UITools>[]) => UIMessage<unknown, UIDataTypes, UITools>[])'.
        Type 'import("C:/Users/User/Downloads/math-bot/node_modules/.pnpm/ai@6.0.134_zod@4.1.12/node_modules/ai/dist/index").UIMessage<unknown, import("C:/Users/User/Downloads/math-bot/node_modules/.pnpm/ai@6.0.134_zod@4.1.12/node_modules/ai/dist/index").UIDataTypes, import("C:/Users/User/Downloads/math-bot/node_modules/.pnpm/ai@...' is not assignable to type 'import("C:/Users/User/Downloads/math-bot/node_modules/.pnpm/ai@5.0.100_zod@4.1.12/node_modules/ai/dist/index").UIMessage<unknown, import("C:/Users/User/Downloads/math-bot/node_modules/.pnpm/ai@5.0.100_zod@4.1.12/node_modules/ai/dist/index").UIDataTypes, import("C:/Users/User/Downloads/math-bot/node_modules/.pnpm/ai@...'.
          Type 'import("C:/Users/User/Downloads/math-bot/node_modules/.pnpm/ai@6.0.134_zod@4.1.12/node_modules/ai/dist/index").UIMessage<unknown, import("C:/Users/User/Downloads/math-bot/node_modules/.pnpm/ai@6.0.134_zod@4.1.12/node_modules/ai/dist/index").UIDataTypes, import("C:/Users/User/Downloads/math-bot/node_modules/.pnpm/ai@...' is not assignable to type 'import("C:/Users/User/Downloads/math-bot/node_modules/.pnpm/ai@5.0.100_zod@4.1.12/node_modules/ai/dist/index").UIMessage<unknown, import("C:/Users/User/Downloads/math-bot/node_modules/.pnpm/ai@5.0.100_zod@4.1.12/node_modules/ai/dist/index").UIDataTypes, import("C:/Users/User/Downloads/math-bot/node_modules/.pnpm/ai@...'.
            Types of property 'parts' are incompatible.
              Type 'import("C:/Users/User/Downloads/math-bot/node_modules/.pnpm/ai@6.0.134_zod@4.1.12/node_modules/ai/dist/index").UIMessagePart<import("C:/Users/User/Downloads/math-bot/node_modules/.pnpm/ai@6.0.134_zod@4.1.12/node_modules/ai/dist/index").UIDataTypes, import("C:/Users/User/Downloads/math-bot/node_modules/.pnpm/ai@6.0.1...' is not assignable to type 'import("C:/Users/User/Downloads/math-bot/node_modules/.pnpm/ai@5.0.100_zod@4.1.12/node_modules/ai/dist/index").UIMessagePart<import("C:/Users/User/Downloads/math-bot/node_modules/.pnpm/ai@5.0.100_zod@4.1.12/node_modules/ai/dist/index").UIDataTypes, import("C:/Users/User/Downloads/math-bot/node_modules/.pnpm/ai@5.0.1...'.
                Type 'import("C:/Users/User/Downloads/math-bot/node_modules/.pnpm/ai@6.0.134_zod@4.1.12/node_modules/ai/dist/index").UIMessagePart<import("C:/Users/User/Downloads/math-bot/node_modules/.pnpm/ai@6.0.134_zod@4.1.12/node_modules/ai/dist/index").UIDataTypes, import("C:/Users/User/Downloads/math-bot/node_modules/.pnpm/ai@6.0.1...' is not assignable to type 'import("C:/Users/User/Downloads/math-bot/node_modules/.pnpm/ai@5.0.100_zod@4.1.12/node_modules/ai/dist/index").UIMessagePart<import("C:/Users/User/Downloads/math-bot/node_modules/.pnpm/ai@5.0.100_zod@4.1.12/node_modules/ai/dist/index").UIDataTypes, import("C:/Users/User/Downloads/math-bot/node_modules/.pnpm/ai@5.0.1...'.
                  Type 'TextUIPart' is not assignable to type 'UIMessagePart<UIDataTypes, UITools>'.
                    Type 'import("C:/Users/User/Downloads/math-bot/node_modules/.pnpm/ai@6.0.134_zod@4.1.12/node_modules/ai/dist/index").TextUIPart' is not assignable to type 'import("C:/Users/User/Downloads/math-bot/node_modules/.pnpm/ai@5.0.100_zod@4.1.12/node_modules/ai/dist/index").TextUIPart'.
                      Types of property 'providerMetadata' are incompatible.
                        Type 'SharedV3ProviderMetadata | undefined' is not assignable to type 'SharedV2ProviderMetadata | undefined'.
                          Type 'SharedV3ProviderMetadata' is not assignable to type 'SharedV2ProviderMetadata'.
                            'string' index signatures are incompatible.
                              Type 'JSONObject' is not assignable to type 'Record<string, JSONValue>'.
                                'string' index signatures are incompatible.
                                  Type 'JSONValue | undefined' is not assignable to type 'JSONValue'.
                                    Type 'undefined' is not assignable to type 'JSONValue'.
src/components/chat-bot-temporary.tsx(224,31): error TS2344: Type 'import("C:/Users/User/Downloads/math-bot/node_modules/.pnpm/ai@6.0.134_zod@4.1.12/node_modules/ai/dist/index").UIMessage<unknown, import("C:/Users/User/Downloads/math-bot/node_modules/.pnpm/ai@6.0.134_zod@4.1.12/node_modules/ai/dist/index").UIDataTypes, import("C:/Users/User/Downloads/math-bot/node_modules/.pnpm/ai@...' does not satisfy the constraint 'import("C:/Users/User/Downloads/math-bot/node_modules/.pnpm/ai@5.0.100_zod@4.1.12/node_modules/ai/dist/index").UIMessage<unknown, import("C:/Users/User/Downloads/math-bot/node_modules/.pnpm/ai@5.0.100_zod@4.1.12/node_modules/ai/dist/index").UIDataTypes, import("C:/Users/User/Downloads/math-bot/node_modules/.pnpm/ai@...'.
  Types of property 'parts' are incompatible.
    Type 'import("C:/Users/User/Downloads/math-bot/node_modules/.pnpm/ai@6.0.134_zod@4.1.12/node_modules/ai/dist/index").UIMessagePart<import("C:/Users/User/Downloads/math-bot/node_modules/.pnpm/ai@6.0.134_zod@4.1.12/node_modules/ai/dist/index").UIDataTypes, import("C:/Users/User/Downloads/math-bot/node_modules/.pnpm/ai@6.0.1...' is not assignable to type 'import("C:/Users/User/Downloads/math-bot/node_modules/.pnpm/ai@5.0.100_zod@4.1.12/node_modules/ai/dist/index").UIMessagePart<import("C:/Users/User/Downloads/math-bot/node_modules/.pnpm/ai@5.0.100_zod@4.1.12/node_modules/ai/dist/index").UIDataTypes, import("C:/Users/User/Downloads/math-bot/node_modules/.pnpm/ai@5.0.1...'.
      Type 'import("C:/Users/User/Downloads/math-bot/node_modules/.pnpm/ai@6.0.134_zod@4.1.12/node_modules/ai/dist/index").UIMessagePart<import("C:/Users/User/Downloads/math-bot/node_modules/.pnpm/ai@6.0.134_zod@4.1.12/node_modules/ai/dist/index").UIDataTypes, import("C:/Users/User/Downloads/math-bot/node_modules/.pnpm/ai@6.0.1...' is not assignable to type 'import("C:/Users/User/Downloads/math-bot/node_modules/.pnpm/ai@5.0.100_zod@4.1.12/node_modules/ai/dist/index").UIMessagePart<import("C:/Users/User/Downloads/math-bot/node_modules/.pnpm/ai@5.0.100_zod@4.1.12/node_modules/ai/dist/index").UIDataTypes, import("C:/Users/User/Downloads/math-bot/node_modules/.pnpm/ai@5.0.1...'.
        Type 'TextUIPart' is not assignable to type 'UIMessagePart<UIDataTypes, UITools>'.
          Type 'import("C:/Users/User/Downloads/math-bot/node_modules/.pnpm/ai@6.0.134_zod@4.1.12/node_modules/ai/dist/index").TextUIPart' is not assignable to type 'import("C:/Users/User/Downloads/math-bot/node_modules/.pnpm/ai@5.0.100_zod@4.1.12/node_modules/ai/dist/index").TextUIPart'.
            Types of property 'providerMetadata' are incompatible.
              Type 'SharedV3ProviderMetadata | undefined' is not assignable to type 'SharedV2ProviderMetadata | undefined'.
                Type 'SharedV3ProviderMetadata' is not assignable to type 'SharedV2ProviderMetadata'.
                  'string' index signatures are incompatible.
                    Type 'JSONObject' is not assignable to type 'Record<string, JSONValue>'.
                      'string' index signatures are incompatible.
                        Type 'JSONValue | undefined' is not assignable to type 'JSONValue'.
                          Type 'undefined' is not assignable to type 'JSONValue'.
src/components/chat-bot-temporary.tsx(228,31): error TS2344: Type 'import("C:/Users/User/Downloads/math-bot/node_modules/.pnpm/ai@6.0.134_zod@4.1.12/node_modules/ai/dist/index").UIMessage<unknown, import("C:/Users/User/Downloads/math-bot/node_modules/.pnpm/ai@6.0.134_zod@4.1.12/node_modules/ai/dist/index").UIDataTypes, import("C:/Users/User/Downloads/math-bot/node_modules/.pnpm/ai@...' does not satisfy the constraint 'import("C:/Users/User/Downloads/math-bot/node_modules/.pnpm/ai@5.0.100_zod@4.1.12/node_modules/ai/dist/index").UIMessage<unknown, import("C:/Users/User/Downloads/math-bot/node_modules/.pnpm/ai@5.0.100_zod@4.1.12/node_modules/ai/dist/index").UIDataTypes, import("C:/Users/User/Downloads/math-bot/node_modules/.pnpm/ai@...'.
  Types of property 'parts' are incompatible.
    Type 'import("C:/Users/User/Downloads/math-bot/node_modules/.pnpm/ai@6.0.134_zod@4.1.12/node_modules/ai/dist/index").UIMessagePart<import("C:/Users/User/Downloads/math-bot/node_modules/.pnpm/ai@6.0.134_zod@4.1.12/node_modules/ai/dist/index").UIDataTypes, import("C:/Users/User/Downloads/math-bot/node_modules/.pnpm/ai@6.0.1...' is not assignable to type 'import("C:/Users/User/Downloads/math-bot/node_modules/.pnpm/ai@5.0.100_zod@4.1.12/node_modules/ai/dist/index").UIMessagePart<import("C:/Users/User/Downloads/math-bot/node_modules/.pnpm/ai@5.0.100_zod@4.1.12/node_modules/ai/dist/index").UIDataTypes, import("C:/Users/User/Downloads/math-bot/node_modules/.pnpm/ai@5.0.1...'.
      Type 'import("C:/Users/User/Downloads/math-bot/node_modules/.pnpm/ai@6.0.134_zod@4.1.12/node_modules/ai/dist/index").UIMessagePart<import("C:/Users/User/Downloads/math-bot/node_modules/.pnpm/ai@6.0.134_zod@4.1.12/node_modules/ai/dist/index").UIDataTypes, import("C:/Users/User/Downloads/math-bot/node_modules/.pnpm/ai@6.0.1...' is not assignable to type 'import("C:/Users/User/Downloads/math-bot/node_modules/.pnpm/ai@5.0.100_zod@4.1.12/node_modules/ai/dist/index").UIMessagePart<import("C:/Users/User/Downloads/math-bot/node_modules/.pnpm/ai@5.0.100_zod@4.1.12/node_modules/ai/dist/index").UIDataTypes, import("C:/Users/User/Downloads/math-bot/node_modules/.pnpm/ai@5.0.1...'.
        Type 'TextUIPart' is not assignable to type 'UIMessagePart<UIDataTypes, UITools>'.
          Type 'import("C:/Users/User/Downloads/math-bot/node_modules/.pnpm/ai@6.0.134_zod@4.1.12/node_modules/ai/dist/index").TextUIPart' is not assignable to type 'import("C:/Users/User/Downloads/math-bot/node_modules/.pnpm/ai@5.0.100_zod@4.1.12/node_modules/ai/dist/index").TextUIPart'.
            Types of property 'providerMetadata' are incompatible.
              Type 'SharedV3ProviderMetadata | undefined' is not assignable to type 'SharedV2ProviderMetadata | undefined'.
                Type 'SharedV3ProviderMetadata' is not assignable to type 'SharedV2ProviderMetadata'.
                  'string' index signatures are incompatible.
                    Type 'JSONObject' is not assignable to type 'Record<string, JSONValue>'.
                      'string' index signatures are incompatible.
                        Type 'JSONValue | undefined' is not assignable to type 'JSONValue'.
                          Type 'undefined' is not assignable to type 'JSONValue'.
src/components/chat-bot-temporary.tsx(229,24): error TS2344: Type 'import("C:/Users/User/Downloads/math-bot/node_modules/.pnpm/ai@6.0.134_zod@4.1.12/node_modules/ai/dist/index").UIMessage<unknown, import("C:/Users/User/Downloads/math-bot/node_modules/.pnpm/ai@6.0.134_zod@4.1.12/node_modules/ai/dist/index").UIDataTypes, import("C:/Users/User/Downloads/math-bot/node_modules/.pnpm/ai@...' does not satisfy the constraint 'import("C:/Users/User/Downloads/math-bot/node_modules/.pnpm/ai@5.0.100_zod@4.1.12/node_modules/ai/dist/index").UIMessage<unknown, import("C:/Users/User/Downloads/math-bot/node_modules/.pnpm/ai@5.0.100_zod@4.1.12/node_modules/ai/dist/index").UIDataTypes, import("C:/Users/User/Downloads/math-bot/node_modules/.pnpm/ai@...'.
  Types of property 'parts' are incompatible.
    Type 'import("C:/Users/User/Downloads/math-bot/node_modules/.pnpm/ai@6.0.134_zod@4.1.12/node_modules/ai/dist/index").UIMessagePart<import("C:/Users/User/Downloads/math-bot/node_modules/.pnpm/ai@6.0.134_zod@4.1.12/node_modules/ai/dist/index").UIDataTypes, import("C:/Users/User/Downloads/math-bot/node_modules/.pnpm/ai@6.0.1...' is not assignable to type 'import("C:/Users/User/Downloads/math-bot/node_modules/.pnpm/ai@5.0.100_zod@4.1.12/node_modules/ai/dist/index").UIMessagePart<import("C:/Users/User/Downloads/math-bot/node_modules/.pnpm/ai@5.0.100_zod@4.1.12/node_modules/ai/dist/index").UIDataTypes, import("C:/Users/User/Downloads/math-bot/node_modules/.pnpm/ai@5.0.1...'.
      Type 'import("C:/Users/User/Downloads/math-bot/node_modules/.pnpm/ai@6.0.134_zod@4.1.12/node_modules/ai/dist/index").UIMessagePart<import("C:/Users/User/Downloads/math-bot/node_modules/.pnpm/ai@6.0.134_zod@4.1.12/node_modules/ai/dist/index").UIDataTypes, import("C:/Users/User/Downloads/math-bot/node_modules/.pnpm/ai@6.0.1...' is not assignable to type 'import("C:/Users/User/Downloads/math-bot/node_modules/.pnpm/ai@5.0.100_zod@4.1.12/node_modules/ai/dist/index").UIMessagePart<import("C:/Users/User/Downloads/math-bot/node_modules/.pnpm/ai@5.0.100_zod@4.1.12/node_modules/ai/dist/index").UIDataTypes, import("C:/Users/User/Downloads/math-bot/node_modules/.pnpm/ai@5.0.1...'.
        Type 'TextUIPart' is not assignable to type 'UIMessagePart<UIDataTypes, UITools>'.
          Type 'import("C:/Users/User/Downloads/math-bot/node_modules/.pnpm/ai@6.0.134_zod@4.1.12/node_modules/ai/dist/index").TextUIPart' is not assignable to type 'import("C:/Users/User/Downloads/math-bot/node_modules/.pnpm/ai@5.0.100_zod@4.1.12/node_modules/ai/dist/index").TextUIPart'.
            Types of property 'providerMetadata' are incompatible.
              Type 'SharedV3ProviderMetadata | undefined' is not assignable to type 'SharedV2ProviderMetadata | undefined'.
                Type 'SharedV3ProviderMetadata' is not assignable to type 'SharedV2ProviderMetadata'.
                  'string' index signatures are incompatible.
                    Type 'JSONObject' is not assignable to type 'Record<string, JSONValue>'.
                      'string' index signatures are incompatible.
                        Type 'JSONValue | undefined' is not assignable to type 'JSONValue'.
                          Type 'undefined' is not assignable to type 'JSONValue'.
src/components/chat-bot-voice.tsx(579,23): error TS2322: Type 'DynamicToolUIPart | ({ type: `tool-${string}`; } & UIToolInvocation<UITool>)' is not assignable to type '{ type: `tool-${string}`; } & UIToolInvocation<UITool>'.
  Type '{ type: "dynamic-tool"; toolName: string; toolCallId: string; title?: string | undefined; providerExecuted?: boolean | undefined; } & { state: "input-streaming"; input: unknown; output?: undefined; errorText?: undefined; callProviderMetadata?: SharedV3ProviderMetadata | undefined; approval?: undefined; }' is not assignable to type '{ type: `tool-${string}`; } & UIToolInvocation<UITool>'.
    Type '{ type: "dynamic-tool"; toolName: string; toolCallId: string; title?: string | undefined; providerExecuted?: boolean | undefined; } & { state: "input-streaming"; input: unknown; output?: undefined; errorText?: undefined; callProviderMetadata?: SharedV3ProviderMetadata | undefined; approval?: undefined; }' is not assignable to type '{ type: `tool-${string}`; } & { toolCallId: string; title?: string | undefined; providerExecuted?: boolean | undefined; } & { state: "input-streaming"; input: unknown; output?: undefined; errorText?: undefined; callProviderMetadata?: SharedV3ProviderMetadata | undefined; approval?: undefined; }'.
      Type '{ type: "dynamic-tool"; toolName: string; toolCallId: string; title?: string | undefined; providerExecuted?: boolean | undefined; } & { state: "input-streaming"; input: unknown; output?: undefined; errorText?: undefined; callProviderMetadata?: SharedV3ProviderMetadata | undefined; approval?: undefined; }' is not assignable to type '{ type: `tool-${string}`; }'.
        Types of property 'type' are incompatible.
          Type '"dynamic-tool"' is not assignable to type '`tool-${string}`'.
src/components/chat-bot.tsx(159,5): error TS2322: Type 'DefaultChatTransport<UIMessage<unknown, UIDataTypes, UITools>>' is not assignable to type 'ChatTransport<UIMessage<unknown, UIDataTypes, UITools>>'.
  The types returned by 'sendMessages(...)' are incompatible between these types.
    Type 'Promise<ReadableStream<import("C:/Users/User/Downloads/math-bot/node_modules/.pnpm/ai@6.0.134_zod@4.1.12/node_modules/ai/dist/index").UIMessageChunk<unknown, import("C:/Users/User/Downloads/math-bot/node_modules/.pnpm/ai@6.0.134_zod@4.1.12/node_modules/ai/dist/index").UIDataTypes>>>' is not assignable to type 'Promise<ReadableStream<import("C:/Users/User/Downloads/math-bot/node_modules/.pnpm/ai@5.0.100_zod@4.1.12/node_modules/ai/dist/index").UIMessageChunk<unknown, import("C:/Users/User/Downloads/math-bot/node_modules/.pnpm/ai@5.0.100_zod@4.1.12/node_modules/ai/dist/index").UIDataTypes>>>'.
      Type 'ReadableStream<import("C:/Users/User/Downloads/math-bot/node_modules/.pnpm/ai@6.0.134_zod@4.1.12/node_modules/ai/dist/index").UIMessageChunk<unknown, import("C:/Users/User/Downloads/math-bot/node_modules/.pnpm/ai@6.0.134_zod@4.1.12/node_modules/ai/dist/index").UIDataTypes>>' is not assignable to type 'ReadableStream<import("C:/Users/User/Downloads/math-bot/node_modules/.pnpm/ai@5.0.100_zod@4.1.12/node_modules/ai/dist/index").UIMessageChunk<unknown, import("C:/Users/User/Downloads/math-bot/node_modules/.pnpm/ai@5.0.100_zod@4.1.12/node_modules/ai/dist/index").UIDataTypes>>'.
        Type 'import("C:/Users/User/Downloads/math-bot/node_modules/.pnpm/ai@6.0.134_zod@4.1.12/node_modules/ai/dist/index").UIMessageChunk<unknown, import("C:/Users/User/Downloads/math-bot/node_modules/.pnpm/ai@6.0.134_zod@4.1.12/node_modules/ai/dist/index").UIDataTypes>' is not assignable to type 'import("C:/Users/User/Downloads/math-bot/node_modules/.pnpm/ai@5.0.100_zod@4.1.12/node_modules/ai/dist/index").UIMessageChunk<unknown, import("C:/Users/User/Downloads/math-bot/node_modules/.pnpm/ai@5.0.100_zod@4.1.12/node_modules/ai/dist/index").UIDataTypes>'.
          Type '{ type: "text-start"; id: string; providerMetadata?: SharedV3ProviderMetadata | undefined; }' is not assignable to type 'UIMessageChunk<unknown, UIDataTypes>'.
            Type '{ type: "text-start"; id: string; providerMetadata?: SharedV3ProviderMetadata | undefined; }' is not assignable to type '{ type: "text-start"; id: string; providerMetadata?: SharedV2ProviderMetadata | undefined; }'.
              Types of property 'providerMetadata' are incompatible.
                Type 'SharedV3ProviderMetadata | undefined' is not assignable to type 'SharedV2ProviderMetadata | undefined'.
                  Type 'SharedV3ProviderMetadata' is not assignable to type 'SharedV2ProviderMetadata'.
                    'string' index signatures are incompatible.
                      Type 'JSONObject' is not assignable to type 'Record<string, JSONValue>'.
                        'string' index signatures are incompatible.
                          Type 'JSONValue | undefined' is not assignable to type 'JSONValue'.
                            Type 'undefined' is not assignable to type 'JSONValue'.
src/components/chat-bot.tsx(220,5): error TS2322: Type 'import("C:/Users/User/Downloads/math-bot/node_modules/.pnpm/ai@6.0.134_zod@4.1.12/node_modules/ai/dist/index").UIMessage<unknown, import("C:/Users/User/Downloads/math-bot/node_modules/.pnpm/ai@6.0.134_zod@4.1.12/node_modules/ai/dist/index").UIDataTypes, import("C:/Users/User/Downloads/math-bot/node_modules/.pnpm/ai@...' is not assignable to type 'import("C:/Users/User/Downloads/math-bot/node_modules/.pnpm/ai@5.0.100_zod@4.1.12/node_modules/ai/dist/index").UIMessage<unknown, import("C:/Users/User/Downloads/math-bot/node_modules/.pnpm/ai@5.0.100_zod@4.1.12/node_modules/ai/dist/index").UIDataTypes, import("C:/Users/User/Downloads/math-bot/node_modules/.pnpm/ai@...'.
  Type 'import("C:/Users/User/Downloads/math-bot/node_modules/.pnpm/ai@6.0.134_zod@4.1.12/node_modules/ai/dist/index").UIMessage<unknown, import("C:/Users/User/Downloads/math-bot/node_modules/.pnpm/ai@6.0.134_zod@4.1.12/node_modules/ai/dist/index").UIDataTypes, import("C:/Users/User/Downloads/math-bot/node_modules/.pnpm/ai@...' is not assignable to type 'import("C:/Users/User/Downloads/math-bot/node_modules/.pnpm/ai@5.0.100_zod@4.1.12/node_modules/ai/dist/index").UIMessage<unknown, import("C:/Users/User/Downloads/math-bot/node_modules/.pnpm/ai@5.0.100_zod@4.1.12/node_modules/ai/dist/index").UIDataTypes, import("C:/Users/User/Downloads/math-bot/node_modules/.pnpm/ai@...'.
    Types of property 'parts' are incompatible.
      Type 'import("C:/Users/User/Downloads/math-bot/node_modules/.pnpm/ai@6.0.134_zod@4.1.12/node_modules/ai/dist/index").UIMessagePart<import("C:/Users/User/Downloads/math-bot/node_modules/.pnpm/ai@6.0.134_zod@4.1.12/node_modules/ai/dist/index").UIDataTypes, import("C:/Users/User/Downloads/math-bot/node_modules/.pnpm/ai@6.0.1...' is not assignable to type 'import("C:/Users/User/Downloads/math-bot/node_modules/.pnpm/ai@5.0.100_zod@4.1.12/node_modules/ai/dist/index").UIMessagePart<import("C:/Users/User/Downloads/math-bot/node_modules/.pnpm/ai@5.0.100_zod@4.1.12/node_modules/ai/dist/index").UIDataTypes, import("C:/Users/User/Downloads/math-bot/node_modules/.pnpm/ai@5.0.1...'.
        Type 'import("C:/Users/User/Downloads/math-bot/node_modules/.pnpm/ai@6.0.134_zod@4.1.12/node_modules/ai/dist/index").UIMessagePart<import("C:/Users/User/Downloads/math-bot/node_modules/.pnpm/ai@6.0.134_zod@4.1.12/node_modules/ai/dist/index").UIDataTypes, import("C:/Users/User/Downloads/math-bot/node_modules/.pnpm/ai@6.0.1...' is not assignable to type 'import("C:/Users/User/Downloads/math-bot/node_modules/.pnpm/ai@5.0.100_zod@4.1.12/node_modules/ai/dist/index").UIMessagePart<import("C:/Users/User/Downloads/math-bot/node_modules/.pnpm/ai@5.0.100_zod@4.1.12/node_modules/ai/dist/index").UIDataTypes, import("C:/Users/User/Downloads/math-bot/node_modules/.pnpm/ai@5.0.1...'.
          Type 'TextUIPart' is not assignable to type 'UIMessagePart<UIDataTypes, UITools>'.
            Type 'import("C:/Users/User/Downloads/math-bot/node_modules/.pnpm/ai@6.0.134_zod@4.1.12/node_modules/ai/dist/index").TextUIPart' is not assignable to type 'import("C:/Users/User/Downloads/math-bot/node_modules/.pnpm/ai@5.0.100_zod@4.1.12/node_modules/ai/dist/index").TextUIPart'.
              Types of property 'providerMetadata' are incompatible.
                Type 'SharedV3ProviderMetadata | undefined' is not assignable to type 'SharedV2ProviderMetadata | undefined'.
                  Type 'SharedV3ProviderMetadata' is not assignable to type 'SharedV2ProviderMetadata'.
                    'string' index signatures are incompatible.
                      Type 'JSONObject' is not assignable to type 'Record<string, JSONValue>'.
                        'string' index signatures are incompatible.
                          Type 'JSONValue | undefined' is not assignable to type 'JSONValue'.
                            Type 'undefined' is not assignable to type 'JSONValue'.
src/components/chat-bot.tsx(437,21): error TS2322: Type '(messages: import("C:/Users/User/Downloads/math-bot/node_modules/.pnpm/ai@5.0.100_zod@4.1.12/node_modules/ai/dist/index").UIMessage<unknown, import("C:/Users/User/Downloads/math-bot/node_modules/.pnpm/ai@5.0.100_zod@4.1.12/node_modules/ai/dist/index").UIDataTypes, import("C:/Users/User/Downloads/math-bot/node_module...' is not assignable to type '(messages: import("C:/Users/User/Downloads/math-bot/node_modules/.pnpm/ai@6.0.134_zod@4.1.12/node_modules/ai/dist/index").UIMessage<unknown, import("C:/Users/User/Downloads/math-bot/node_modules/.pnpm/ai@6.0.134_zod@4.1.12/node_modules/ai/dist/index").UIDataTypes, import("C:/Users/User/Downloads/math-bot/node_module...'.
  Types of parameters 'messages' and 'messages' are incompatible.
    Type 'import("C:/Users/User/Downloads/math-bot/node_modules/.pnpm/ai@6.0.134_zod@4.1.12/node_modules/ai/dist/index").UIMessage<unknown, import("C:/Users/User/Downloads/math-bot/node_modules/.pnpm/ai@6.0.134_zod@4.1.12/node_modules/ai/dist/index").UIDataTypes, import("C:/Users/User/Downloads/math-bot/node_modules/.pnpm/ai@...' is not assignable to type 'import("C:/Users/User/Downloads/math-bot/node_modules/.pnpm/ai@5.0.100_zod@4.1.12/node_modules/ai/dist/index").UIMessage<unknown, import("C:/Users/User/Downloads/math-bot/node_modules/.pnpm/ai@5.0.100_zod@4.1.12/node_modules/ai/dist/index").UIDataTypes, import("C:/Users/User/Downloads/math-bot/node_modules/.pnpm/ai@...'.
      Type 'UIMessage<unknown, UIDataTypes, UITools>[]' is not assignable to type 'UIMessage<unknown, UIDataTypes, UITools>[] | ((messages: UIMessage<unknown, UIDataTypes, UITools>[]) => UIMessage<unknown, UIDataTypes, UITools>[])'.
        Type 'import("C:/Users/User/Downloads/math-bot/node_modules/.pnpm/ai@6.0.134_zod@4.1.12/node_modules/ai/dist/index").UIMessage<unknown, import("C:/Users/User/Downloads/math-bot/node_modules/.pnpm/ai@6.0.134_zod@4.1.12/node_modules/ai/dist/index").UIDataTypes, import("C:/Users/User/Downloads/math-bot/node_modules/.pnpm/ai@...' is not assignable to type 'import("C:/Users/User/Downloads/math-bot/node_modules/.pnpm/ai@5.0.100_zod@4.1.12/node_modules/ai/dist/index").UIMessage<unknown, import("C:/Users/User/Downloads/math-bot/node_modules/.pnpm/ai@5.0.100_zod@4.1.12/node_modules/ai/dist/index").UIDataTypes, import("C:/Users/User/Downloads/math-bot/node_modules/.pnpm/ai@...'.
          Type 'import("C:/Users/User/Downloads/math-bot/node_modules/.pnpm/ai@6.0.134_zod@4.1.12/node_modules/ai/dist/index").UIMessage<unknown, import("C:/Users/User/Downloads/math-bot/node_modules/.pnpm/ai@6.0.134_zod@4.1.12/node_modules/ai/dist/index").UIDataTypes, import("C:/Users/User/Downloads/math-bot/node_modules/.pnpm/ai@...' is not assignable to type 'import("C:/Users/User/Downloads/math-bot/node_modules/.pnpm/ai@5.0.100_zod@4.1.12/node_modules/ai/dist/index").UIMessage<unknown, import("C:/Users/User/Downloads/math-bot/node_modules/.pnpm/ai@5.0.100_zod@4.1.12/node_modules/ai/dist/index").UIDataTypes, import("C:/Users/User/Downloads/math-bot/node_modules/.pnpm/ai@...'.
            Types of property 'parts' are incompatible.
              Type 'import("C:/Users/User/Downloads/math-bot/node_modules/.pnpm/ai@6.0.134_zod@4.1.12/node_modules/ai/dist/index").UIMessagePart<import("C:/Users/User/Downloads/math-bot/node_modules/.pnpm/ai@6.0.134_zod@4.1.12/node_modules/ai/dist/index").UIDataTypes, import("C:/Users/User/Downloads/math-bot/node_modules/.pnpm/ai@6.0.1...' is not assignable to type 'import("C:/Users/User/Downloads/math-bot/node_modules/.pnpm/ai@5.0.100_zod@4.1.12/node_modules/ai/dist/index").UIMessagePart<import("C:/Users/User/Downloads/math-bot/node_modules/.pnpm/ai@5.0.100_zod@4.1.12/node_modules/ai/dist/index").UIDataTypes, import("C:/Users/User/Downloads/math-bot/node_modules/.pnpm/ai@5.0.1...'.
                Type 'import("C:/Users/User/Downloads/math-bot/node_modules/.pnpm/ai@6.0.134_zod@4.1.12/node_modules/ai/dist/index").UIMessagePart<import("C:/Users/User/Downloads/math-bot/node_modules/.pnpm/ai@6.0.134_zod@4.1.12/node_modules/ai/dist/index").UIDataTypes, import("C:/Users/User/Downloads/math-bot/node_modules/.pnpm/ai@6.0.1...' is not assignable to type 'import("C:/Users/User/Downloads/math-bot/node_modules/.pnpm/ai@5.0.100_zod@4.1.12/node_modules/ai/dist/index").UIMessagePart<import("C:/Users/User/Downloads/math-bot/node_modules/.pnpm/ai@5.0.100_zod@4.1.12/node_modules/ai/dist/index").UIDataTypes, import("C:/Users/User/Downloads/math-bot/node_modules/.pnpm/ai@5.0.1...'.
                  Type 'TextUIPart' is not assignable to type 'UIMessagePart<UIDataTypes, UITools>'.
                    Type 'import("C:/Users/User/Downloads/math-bot/node_modules/.pnpm/ai@6.0.134_zod@4.1.12/node_modules/ai/dist/index").TextUIPart' is not assignable to type 'import("C:/Users/User/Downloads/math-bot/node_modules/.pnpm/ai@5.0.100_zod@4.1.12/node_modules/ai/dist/index").TextUIPart'.
                      Types of property 'providerMetadata' are incompatible.
                        Type 'SharedV3ProviderMetadata | undefined' is not assignable to type 'SharedV2ProviderMetadata | undefined'.
                          Type 'SharedV3ProviderMetadata' is not assignable to type 'SharedV2ProviderMetadata'.
                            'string' index signatures are incompatible.
                              Type 'JSONObject' is not assignable to type 'Record<string, JSONValue>'.
                                'string' index signatures are incompatible.
                                  Type 'JSONValue | undefined' is not assignable to type 'JSONValue'.
                                    Type 'undefined' is not assignable to type 'JSONValue'.
src/components/chat-bot.tsx(438,21): error TS2322: Type '(message?: (Omit<import("C:/Users/User/Downloads/math-bot/node_modules/.pnpm/ai@5.0.100_zod@4.1.12/node_modules/ai/dist/index").UIMessage<unknown, import("C:/Users/User/Downloads/math-bot/node_modules/.pnpm/ai@5.0.100_zod@4.1.12/node_modules/ai/dist/index").UIDataTypes, import("C:/Users/User/Downloads/math-bot/node_...' is not assignable to type '(message?: (Omit<import("C:/Users/User/Downloads/math-bot/node_modules/.pnpm/ai@6.0.134_zod@4.1.12/node_modules/ai/dist/index").UIMessage<unknown, import("C:/Users/User/Downloads/math-bot/node_modules/.pnpm/ai@6.0.134_zod@4.1.12/node_modules/ai/dist/index").UIDataTypes, import("C:/Users/User/Downloads/math-bot/node_...'.
  Types of parameters 'message' and 'message' are incompatible.
    Type '(Omit<import("C:/Users/User/Downloads/math-bot/node_modules/.pnpm/ai@6.0.134_zod@4.1.12/node_modules/ai/dist/index").UIMessage<unknown, import("C:/Users/User/Downloads/math-bot/node_modules/.pnpm/ai@6.0.134_zod@4.1.12/node_modules/ai/dist/index").UIDataTypes, import("C:/Users/User/Downloads/math-bot/node_modules/.pn...' is not assignable to type '(Omit<import("C:/Users/User/Downloads/math-bot/node_modules/.pnpm/ai@5.0.100_zod@4.1.12/node_modules/ai/dist/index").UIMessage<unknown, import("C:/Users/User/Downloads/math-bot/node_modules/.pnpm/ai@5.0.100_zod@4.1.12/node_modules/ai/dist/index").UIDataTypes, import("C:/Users/User/Downloads/math-bot/node_modules/.pn...'.
      Type 'Omit<UIMessage<unknown, UIDataTypes, UITools>, "role" | "id"> & { id?: string | undefined; role?: "user" | "system" | "assistant" | undefined; } & { ...; }' is not assignable to type '(Omit<UIMessage<unknown, UIDataTypes, UITools>, "role" | "id"> & { id?: string | undefined; role?: "user" | "system" | "assistant" | undefined; } & { ...; }) | { ...; } | { ...; } | undefined'.
        Type 'Omit<import("C:/Users/User/Downloads/math-bot/node_modules/.pnpm/ai@6.0.134_zod@4.1.12/node_modules/ai/dist/index").UIMessage<unknown, import("C:/Users/User/Downloads/math-bot/node_modules/.pnpm/ai@6.0.134_zod@4.1.12/node_modules/ai/dist/index").UIDataTypes, import("C:/Users/User/Downloads/math-bot/node_modules/.pnp...' is not assignable to type 'Omit<import("C:/Users/User/Downloads/math-bot/node_modules/.pnpm/ai@5.0.100_zod@4.1.12/node_modules/ai/dist/index").UIMessage<unknown, import("C:/Users/User/Downloads/math-bot/node_modules/.pnpm/ai@5.0.100_zod@4.1.12/node_modules/ai/dist/index").UIDataTypes, import("C:/Users/User/Downloads/math-bot/node_modules/.pnp...'.
          Type 'Omit<UIMessage<unknown, UIDataTypes, UITools>, "role" | "id"> & { id?: string | undefined; role?: "user" | "system" | "assistant" | undefined; } & { ...; }' is not assignable to type 'Omit<UIMessage<unknown, UIDataTypes, UITools>, "role" | "id">'.
            Types of property 'parts' are incompatible.
              Type 'import("C:/Users/User/Downloads/math-bot/node_modules/.pnpm/ai@6.0.134_zod@4.1.12/node_modules/ai/dist/index").UIMessagePart<import("C:/Users/User/Downloads/math-bot/node_modules/.pnpm/ai@6.0.134_zod@4.1.12/node_modules/ai/dist/index").UIDataTypes, import("C:/Users/User/Downloads/math-bot/node_modules/.pnpm/ai@6.0.1...' is not assignable to type 'import("C:/Users/User/Downloads/math-bot/node_modules/.pnpm/ai@5.0.100_zod@4.1.12/node_modules/ai/dist/index").UIMessagePart<import("C:/Users/User/Downloads/math-bot/node_modules/.pnpm/ai@5.0.100_zod@4.1.12/node_modules/ai/dist/index").UIDataTypes, import("C:/Users/User/Downloads/math-bot/node_modules/.pnpm/ai@5.0.1...'.
                Type 'import("C:/Users/User/Downloads/math-bot/node_modules/.pnpm/ai@6.0.134_zod@4.1.12/node_modules/ai/dist/index").UIMessagePart<import("C:/Users/User/Downloads/math-bot/node_modules/.pnpm/ai@6.0.134_zod@4.1.12/node_modules/ai/dist/index").UIDataTypes, import("C:/Users/User/Downloads/math-bot/node_modules/.pnpm/ai@6.0.1...' is not assignable to type 'import("C:/Users/User/Downloads/math-bot/node_modules/.pnpm/ai@5.0.100_zod@4.1.12/node_modules/ai/dist/index").UIMessagePart<import("C:/Users/User/Downloads/math-bot/node_modules/.pnpm/ai@5.0.100_zod@4.1.12/node_modules/ai/dist/index").UIDataTypes, import("C:/Users/User/Downloads/math-bot/node_modules/.pnpm/ai@5.0.1...'.
                  Type 'TextUIPart' is not assignable to type 'UIMessagePart<UIDataTypes, UITools>'.
                    Type 'import("C:/Users/User/Downloads/math-bot/node_modules/.pnpm/ai@6.0.134_zod@4.1.12/node_modules/ai/dist/index").TextUIPart' is not assignable to type 'import("C:/Users/User/Downloads/math-bot/node_modules/.pnpm/ai@5.0.100_zod@4.1.12/node_modules/ai/dist/index").TextUIPart'.
                      Types of property 'providerMetadata' are incompatible.
                        Type 'SharedV3ProviderMetadata | undefined' is not assignable to type 'SharedV2ProviderMetadata | undefined'.
                          Type 'SharedV3ProviderMetadata' is not assignable to type 'SharedV2ProviderMetadata'.
                            'string' index signatures are incompatible.
                              Type 'JSONObject' is not assignable to type 'Record<string, JSONValue>'.
                                'string' index signatures are incompatible.
                                  Type 'JSONValue | undefined' is not assignable to type 'JSONValue'.
                                    Type 'undefined' is not assignable to type 'JSONValue'.
src/components/message-editor.tsx(21,31): error TS2344: Type 'import("C:/Users/User/Downloads/math-bot/node_modules/.pnpm/ai@6.0.134_zod@4.1.12/node_modules/ai/dist/index").UIMessage<unknown, import("C:/Users/User/Downloads/math-bot/node_modules/.pnpm/ai@6.0.134_zod@4.1.12/node_modules/ai/dist/index").UIDataTypes, import("C:/Users/User/Downloads/math-bot/node_modules/.pnpm/ai@...' does not satisfy the constraint 'import("C:/Users/User/Downloads/math-bot/node_modules/.pnpm/ai@5.0.100_zod@4.1.12/node_modules/ai/dist/index").UIMessage<unknown, import("C:/Users/User/Downloads/math-bot/node_modules/.pnpm/ai@5.0.100_zod@4.1.12/node_modules/ai/dist/index").UIDataTypes, import("C:/Users/User/Downloads/math-bot/node_modules/.pnpm/ai@...'.
  Types of property 'parts' are incompatible.
    Type 'import("C:/Users/User/Downloads/math-bot/node_modules/.pnpm/ai@6.0.134_zod@4.1.12/node_modules/ai/dist/index").UIMessagePart<import("C:/Users/User/Downloads/math-bot/node_modules/.pnpm/ai@6.0.134_zod@4.1.12/node_modules/ai/dist/index").UIDataTypes, import("C:/Users/User/Downloads/math-bot/node_modules/.pnpm/ai@6.0.1...' is not assignable to type 'import("C:/Users/User/Downloads/math-bot/node_modules/.pnpm/ai@5.0.100_zod@4.1.12/node_modules/ai/dist/index").UIMessagePart<import("C:/Users/User/Downloads/math-bot/node_modules/.pnpm/ai@5.0.100_zod@4.1.12/node_modules/ai/dist/index").UIDataTypes, import("C:/Users/User/Downloads/math-bot/node_modules/.pnpm/ai@5.0.1...'.
      Type 'import("C:/Users/User/Downloads/math-bot/node_modules/.pnpm/ai@6.0.134_zod@4.1.12/node_modules/ai/dist/index").UIMessagePart<import("C:/Users/User/Downloads/math-bot/node_modules/.pnpm/ai@6.0.134_zod@4.1.12/node_modules/ai/dist/index").UIDataTypes, import("C:/Users/User/Downloads/math-bot/node_modules/.pnpm/ai@6.0.1...' is not assignable to type 'import("C:/Users/User/Downloads/math-bot/node_modules/.pnpm/ai@5.0.100_zod@4.1.12/node_modules/ai/dist/index").UIMessagePart<import("C:/Users/User/Downloads/math-bot/node_modules/.pnpm/ai@5.0.100_zod@4.1.12/node_modules/ai/dist/index").UIDataTypes, import("C:/Users/User/Downloads/math-bot/node_modules/.pnpm/ai@5.0.1...'.
        Type 'TextUIPart' is not assignable to type 'UIMessagePart<UIDataTypes, UITools>'.
          Type 'import("C:/Users/User/Downloads/math-bot/node_modules/.pnpm/ai@6.0.134_zod@4.1.12/node_modules/ai/dist/index").TextUIPart' is not assignable to type 'import("C:/Users/User/Downloads/math-bot/node_modules/.pnpm/ai@5.0.100_zod@4.1.12/node_modules/ai/dist/index").TextUIPart'.
            Types of property 'providerMetadata' are incompatible.
              Type 'SharedV3ProviderMetadata | undefined' is not assignable to type 'SharedV2ProviderMetadata | undefined'.
                Type 'SharedV3ProviderMetadata' is not assignable to type 'SharedV2ProviderMetadata'.
                  'string' index signatures are incompatible.
                    Type 'JSONObject' is not assignable to type 'Record<string, JSONValue>'.
                      'string' index signatures are incompatible.
                        Type 'JSONValue | undefined' is not assignable to type 'JSONValue'.
                          Type 'undefined' is not assignable to type 'JSONValue'.
src/components/message-editor.tsx(22,31): error TS2344: Type 'import("C:/Users/User/Downloads/math-bot/node_modules/.pnpm/ai@6.0.134_zod@4.1.12/node_modules/ai/dist/index").UIMessage<unknown, import("C:/Users/User/Downloads/math-bot/node_modules/.pnpm/ai@6.0.134_zod@4.1.12/node_modules/ai/dist/index").UIDataTypes, import("C:/Users/User/Downloads/math-bot/node_modules/.pnpm/ai@...' does not satisfy the constraint 'import("C:/Users/User/Downloads/math-bot/node_modules/.pnpm/ai@5.0.100_zod@4.1.12/node_modules/ai/dist/index").UIMessage<unknown, import("C:/Users/User/Downloads/math-bot/node_modules/.pnpm/ai@5.0.100_zod@4.1.12/node_modules/ai/dist/index").UIDataTypes, import("C:/Users/User/Downloads/math-bot/node_modules/.pnpm/ai@...'.
  Types of property 'parts' are incompatible.
    Type 'import("C:/Users/User/Downloads/math-bot/node_modules/.pnpm/ai@6.0.134_zod@4.1.12/node_modules/ai/dist/index").UIMessagePart<import("C:/Users/User/Downloads/math-bot/node_modules/.pnpm/ai@6.0.134_zod@4.1.12/node_modules/ai/dist/index").UIDataTypes, import("C:/Users/User/Downloads/math-bot/node_modules/.pnpm/ai@6.0.1...' is not assignable to type 'import("C:/Users/User/Downloads/math-bot/node_modules/.pnpm/ai@5.0.100_zod@4.1.12/node_modules/ai/dist/index").UIMessagePart<import("C:/Users/User/Downloads/math-bot/node_modules/.pnpm/ai@5.0.100_zod@4.1.12/node_modules/ai/dist/index").UIDataTypes, import("C:/Users/User/Downloads/math-bot/node_modules/.pnpm/ai@5.0.1...'.
      Type 'import("C:/Users/User/Downloads/math-bot/node_modules/.pnpm/ai@6.0.134_zod@4.1.12/node_modules/ai/dist/index").UIMessagePart<import("C:/Users/User/Downloads/math-bot/node_modules/.pnpm/ai@6.0.134_zod@4.1.12/node_modules/ai/dist/index").UIDataTypes, import("C:/Users/User/Downloads/math-bot/node_modules/.pnpm/ai@6.0.1...' is not assignable to type 'import("C:/Users/User/Downloads/math-bot/node_modules/.pnpm/ai@5.0.100_zod@4.1.12/node_modules/ai/dist/index").UIMessagePart<import("C:/Users/User/Downloads/math-bot/node_modules/.pnpm/ai@5.0.100_zod@4.1.12/node_modules/ai/dist/index").UIDataTypes, import("C:/Users/User/Downloads/math-bot/node_modules/.pnpm/ai@5.0.1...'.
        Type 'TextUIPart' is not assignable to type 'UIMessagePart<UIDataTypes, UITools>'.
          Type 'import("C:/Users/User/Downloads/math-bot/node_modules/.pnpm/ai@6.0.134_zod@4.1.12/node_modules/ai/dist/index").TextUIPart' is not assignable to type 'import("C:/Users/User/Downloads/math-bot/node_modules/.pnpm/ai@5.0.100_zod@4.1.12/node_modules/ai/dist/index").TextUIPart'.
            Types of property 'providerMetadata' are incompatible.
              Type 'SharedV3ProviderMetadata | undefined' is not assignable to type 'SharedV2ProviderMetadata | undefined'.
                Type 'SharedV3ProviderMetadata' is not assignable to type 'SharedV2ProviderMetadata'.
                  'string' index signatures are incompatible.
                    Type 'JSONObject' is not assignable to type 'Record<string, JSONValue>'.
                      'string' index signatures are incompatible.
                        Type 'JSONValue | undefined' is not assignable to type 'JSONValue'.
                          Type 'undefined' is not assignable to type 'JSONValue'.
src/components/message-parts.tsx(76,32): error TS2344: Type 'import("C:/Users/User/Downloads/math-bot/node_modules/.pnpm/ai@6.0.134_zod@4.1.12/node_modules/ai/dist/index").UIMessage<unknown, import("C:/Users/User/Downloads/math-bot/node_modules/.pnpm/ai@6.0.134_zod@4.1.12/node_modules/ai/dist/index").UIDataTypes, import("C:/Users/User/Downloads/math-bot/node_modules/.pnpm/ai@...' does not satisfy the constraint 'import("C:/Users/User/Downloads/math-bot/node_modules/.pnpm/ai@5.0.100_zod@4.1.12/node_modules/ai/dist/index").UIMessage<unknown, import("C:/Users/User/Downloads/math-bot/node_modules/.pnpm/ai@5.0.100_zod@4.1.12/node_modules/ai/dist/index").UIDataTypes, import("C:/Users/User/Downloads/math-bot/node_modules/.pnpm/ai@...'.
  Types of property 'parts' are incompatible.
    Type 'import("C:/Users/User/Downloads/math-bot/node_modules/.pnpm/ai@6.0.134_zod@4.1.12/node_modules/ai/dist/index").UIMessagePart<import("C:/Users/User/Downloads/math-bot/node_modules/.pnpm/ai@6.0.134_zod@4.1.12/node_modules/ai/dist/index").UIDataTypes, import("C:/Users/User/Downloads/math-bot/node_modules/.pnpm/ai@6.0.1...' is not assignable to type 'import("C:/Users/User/Downloads/math-bot/node_modules/.pnpm/ai@5.0.100_zod@4.1.12/node_modules/ai/dist/index").UIMessagePart<import("C:/Users/User/Downloads/math-bot/node_modules/.pnpm/ai@5.0.100_zod@4.1.12/node_modules/ai/dist/index").UIDataTypes, import("C:/Users/User/Downloads/math-bot/node_modules/.pnpm/ai@5.0.1...'.
      Type 'import("C:/Users/User/Downloads/math-bot/node_modules/.pnpm/ai@6.0.134_zod@4.1.12/node_modules/ai/dist/index").UIMessagePart<import("C:/Users/User/Downloads/math-bot/node_modules/.pnpm/ai@6.0.134_zod@4.1.12/node_modules/ai/dist/index").UIDataTypes, import("C:/Users/User/Downloads/math-bot/node_modules/.pnpm/ai@6.0.1...' is not assignable to type 'import("C:/Users/User/Downloads/math-bot/node_modules/.pnpm/ai@5.0.100_zod@4.1.12/node_modules/ai/dist/index").UIMessagePart<import("C:/Users/User/Downloads/math-bot/node_modules/.pnpm/ai@5.0.100_zod@4.1.12/node_modules/ai/dist/index").UIDataTypes, import("C:/Users/User/Downloads/math-bot/node_modules/.pnpm/ai@5.0.1...'.
        Type 'TextUIPart' is not assignable to type 'UIMessagePart<UIDataTypes, UITools>'.
          Type 'import("C:/Users/User/Downloads/math-bot/node_modules/.pnpm/ai@6.0.134_zod@4.1.12/node_modules/ai/dist/index").TextUIPart' is not assignable to type 'import("C:/Users/User/Downloads/math-bot/node_modules/.pnpm/ai@5.0.100_zod@4.1.12/node_modules/ai/dist/index").TextUIPart'.
            Types of property 'providerMetadata' are incompatible.
              Type 'SharedV3ProviderMetadata | undefined' is not assignable to type 'SharedV2ProviderMetadata | undefined'.
                Type 'SharedV3ProviderMetadata' is not assignable to type 'SharedV2ProviderMetadata'.
                  'string' index signatures are incompatible.
                    Type 'JSONObject' is not assignable to type 'Record<string, JSONValue>'.
                      'string' index signatures are incompatible.
                        Type 'JSONValue | undefined' is not assignable to type 'JSONValue'.
                          Type 'undefined' is not assignable to type 'JSONValue'.
src/components/message-parts.tsx(77,32): error TS2344: Type 'import("C:/Users/User/Downloads/math-bot/node_modules/.pnpm/ai@6.0.134_zod@4.1.12/node_modules/ai/dist/index").UIMessage<unknown, import("C:/Users/User/Downloads/math-bot/node_modules/.pnpm/ai@6.0.134_zod@4.1.12/node_modules/ai/dist/index").UIDataTypes, import("C:/Users/User/Downloads/math-bot/node_modules/.pnpm/ai@...' does not satisfy the constraint 'import("C:/Users/User/Downloads/math-bot/node_modules/.pnpm/ai@5.0.100_zod@4.1.12/node_modules/ai/dist/index").UIMessage<unknown, import("C:/Users/User/Downloads/math-bot/node_modules/.pnpm/ai@5.0.100_zod@4.1.12/node_modules/ai/dist/index").UIDataTypes, import("C:/Users/User/Downloads/math-bot/node_modules/.pnpm/ai@...'.
  Types of property 'parts' are incompatible.
    Type 'import("C:/Users/User/Downloads/math-bot/node_modules/.pnpm/ai@6.0.134_zod@4.1.12/node_modules/ai/dist/index").UIMessagePart<import("C:/Users/User/Downloads/math-bot/node_modules/.pnpm/ai@6.0.134_zod@4.1.12/node_modules/ai/dist/index").UIDataTypes, import("C:/Users/User/Downloads/math-bot/node_modules/.pnpm/ai@6.0.1...' is not assignable to type 'import("C:/Users/User/Downloads/math-bot/node_modules/.pnpm/ai@5.0.100_zod@4.1.12/node_modules/ai/dist/index").UIMessagePart<import("C:/Users/User/Downloads/math-bot/node_modules/.pnpm/ai@5.0.100_zod@4.1.12/node_modules/ai/dist/index").UIDataTypes, import("C:/Users/User/Downloads/math-bot/node_modules/.pnpm/ai@5.0.1...'.
      Type 'import("C:/Users/User/Downloads/math-bot/node_modules/.pnpm/ai@6.0.134_zod@4.1.12/node_modules/ai/dist/index").UIMessagePart<import("C:/Users/User/Downloads/math-bot/node_modules/.pnpm/ai@6.0.134_zod@4.1.12/node_modules/ai/dist/index").UIDataTypes, import("C:/Users/User/Downloads/math-bot/node_modules/.pnpm/ai@6.0.1...' is not assignable to type 'import("C:/Users/User/Downloads/math-bot/node_modules/.pnpm/ai@5.0.100_zod@4.1.12/node_modules/ai/dist/index").UIMessagePart<import("C:/Users/User/Downloads/math-bot/node_modules/.pnpm/ai@5.0.100_zod@4.1.12/node_modules/ai/dist/index").UIDataTypes, import("C:/Users/User/Downloads/math-bot/node_modules/.pnpm/ai@5.0.1...'.
        Type 'TextUIPart' is not assignable to type 'UIMessagePart<UIDataTypes, UITools>'.
          Type 'import("C:/Users/User/Downloads/math-bot/node_modules/.pnpm/ai@6.0.134_zod@4.1.12/node_modules/ai/dist/index").TextUIPart' is not assignable to type 'import("C:/Users/User/Downloads/math-bot/node_modules/.pnpm/ai@5.0.100_zod@4.1.12/node_modules/ai/dist/index").TextUIPart'.
            Types of property 'providerMetadata' are incompatible.
              Type 'SharedV3ProviderMetadata | undefined' is not assignable to type 'SharedV2ProviderMetadata | undefined'.
                Type 'SharedV3ProviderMetadata' is not assignable to type 'SharedV2ProviderMetadata'.
                  'string' index signatures are incompatible.
                    Type 'JSONObject' is not assignable to type 'Record<string, JSONValue>'.
                      'string' index signatures are incompatible.
                        Type 'JSONValue | undefined' is not assignable to type 'JSONValue'.
                          Type 'undefined' is not assignable to type 'JSONValue'.
src/components/message-parts.tsx(78,27): error TS2344: Type 'import("C:/Users/User/Downloads/math-bot/node_modules/.pnpm/ai@6.0.134_zod@4.1.12/node_modules/ai/dist/index").UIMessage<unknown, import("C:/Users/User/Downloads/math-bot/node_modules/.pnpm/ai@6.0.134_zod@4.1.12/node_modules/ai/dist/index").UIDataTypes, import("C:/Users/User/Downloads/math-bot/node_modules/.pnpm/ai@...' does not satisfy the constraint 'import("C:/Users/User/Downloads/math-bot/node_modules/.pnpm/ai@5.0.100_zod@4.1.12/node_modules/ai/dist/index").UIMessage<unknown, import("C:/Users/User/Downloads/math-bot/node_modules/.pnpm/ai@5.0.100_zod@4.1.12/node_modules/ai/dist/index").UIDataTypes, import("C:/Users/User/Downloads/math-bot/node_modules/.pnpm/ai@...'.
  Types of property 'parts' are incompatible.
    Type 'import("C:/Users/User/Downloads/math-bot/node_modules/.pnpm/ai@6.0.134_zod@4.1.12/node_modules/ai/dist/index").UIMessagePart<import("C:/Users/User/Downloads/math-bot/node_modules/.pnpm/ai@6.0.134_zod@4.1.12/node_modules/ai/dist/index").UIDataTypes, import("C:/Users/User/Downloads/math-bot/node_modules/.pnpm/ai@6.0.1...' is not assignable to type 'import("C:/Users/User/Downloads/math-bot/node_modules/.pnpm/ai@5.0.100_zod@4.1.12/node_modules/ai/dist/index").UIMessagePart<import("C:/Users/User/Downloads/math-bot/node_modules/.pnpm/ai@5.0.100_zod@4.1.12/node_modules/ai/dist/index").UIDataTypes, import("C:/Users/User/Downloads/math-bot/node_modules/.pnpm/ai@5.0.1...'.
      Type 'import("C:/Users/User/Downloads/math-bot/node_modules/.pnpm/ai@6.0.134_zod@4.1.12/node_modules/ai/dist/index").UIMessagePart<import("C:/Users/User/Downloads/math-bot/node_modules/.pnpm/ai@6.0.134_zod@4.1.12/node_modules/ai/dist/index").UIDataTypes, import("C:/Users/User/Downloads/math-bot/node_modules/.pnpm/ai@6.0.1...' is not assignable to type 'import("C:/Users/User/Downloads/math-bot/node_modules/.pnpm/ai@5.0.100_zod@4.1.12/node_modules/ai/dist/index").UIMessagePart<import("C:/Users/User/Downloads/math-bot/node_modules/.pnpm/ai@5.0.100_zod@4.1.12/node_modules/ai/dist/index").UIDataTypes, import("C:/Users/User/Downloads/math-bot/node_modules/.pnpm/ai@5.0.1...'.
        Type 'TextUIPart' is not assignable to type 'UIMessagePart<UIDataTypes, UITools>'.
          Type 'import("C:/Users/User/Downloads/math-bot/node_modules/.pnpm/ai@6.0.134_zod@4.1.12/node_modules/ai/dist/index").TextUIPart' is not assignable to type 'import("C:/Users/User/Downloads/math-bot/node_modules/.pnpm/ai@5.0.100_zod@4.1.12/node_modules/ai/dist/index").TextUIPart'.
            Types of property 'providerMetadata' are incompatible.
              Type 'SharedV3ProviderMetadata | undefined' is not assignable to type 'SharedV2ProviderMetadata | undefined'.
                Type 'SharedV3ProviderMetadata' is not assignable to type 'SharedV2ProviderMetadata'.
                  'string' index signatures are incompatible.
                    Type 'JSONObject' is not assignable to type 'Record<string, JSONValue>'.
                      'string' index signatures are incompatible.
                        Type 'JSONValue | undefined' is not assignable to type 'JSONValue'.
                          Type 'undefined' is not assignable to type 'JSONValue'.
src/components/message-parts.tsx(91,32): error TS2344: Type 'import("C:/Users/User/Downloads/math-bot/node_modules/.pnpm/ai@6.0.134_zod@4.1.12/node_modules/ai/dist/index").UIMessage<unknown, import("C:/Users/User/Downloads/math-bot/node_modules/.pnpm/ai@6.0.134_zod@4.1.12/node_modules/ai/dist/index").UIDataTypes, import("C:/Users/User/Downloads/math-bot/node_modules/.pnpm/ai@...' does not satisfy the constraint 'import("C:/Users/User/Downloads/math-bot/node_modules/.pnpm/ai@5.0.100_zod@4.1.12/node_modules/ai/dist/index").UIMessage<unknown, import("C:/Users/User/Downloads/math-bot/node_modules/.pnpm/ai@5.0.100_zod@4.1.12/node_modules/ai/dist/index").UIDataTypes, import("C:/Users/User/Downloads/math-bot/node_modules/.pnpm/ai@...'.
  Types of property 'parts' are incompatible.
    Type 'import("C:/Users/User/Downloads/math-bot/node_modules/.pnpm/ai@6.0.134_zod@4.1.12/node_modules/ai/dist/index").UIMessagePart<import("C:/Users/User/Downloads/math-bot/node_modules/.pnpm/ai@6.0.134_zod@4.1.12/node_modules/ai/dist/index").UIDataTypes, import("C:/Users/User/Downloads/math-bot/node_modules/.pnpm/ai@6.0.1...' is not assignable to type 'import("C:/Users/User/Downloads/math-bot/node_modules/.pnpm/ai@5.0.100_zod@4.1.12/node_modules/ai/dist/index").UIMessagePart<import("C:/Users/User/Downloads/math-bot/node_modules/.pnpm/ai@5.0.100_zod@4.1.12/node_modules/ai/dist/index").UIDataTypes, import("C:/Users/User/Downloads/math-bot/node_modules/.pnpm/ai@5.0.1...'.
      Type 'import("C:/Users/User/Downloads/math-bot/node_modules/.pnpm/ai@6.0.134_zod@4.1.12/node_modules/ai/dist/index").UIMessagePart<import("C:/Users/User/Downloads/math-bot/node_modules/.pnpm/ai@6.0.134_zod@4.1.12/node_modules/ai/dist/index").UIDataTypes, import("C:/Users/User/Downloads/math-bot/node_modules/.pnpm/ai@6.0.1...' is not assignable to type 'import("C:/Users/User/Downloads/math-bot/node_modules/.pnpm/ai@5.0.100_zod@4.1.12/node_modules/ai/dist/index").UIMessagePart<import("C:/Users/User/Downloads/math-bot/node_modules/.pnpm/ai@5.0.100_zod@4.1.12/node_modules/ai/dist/index").UIDataTypes, import("C:/Users/User/Downloads/math-bot/node_modules/.pnpm/ai@5.0.1...'.
        Type 'TextUIPart' is not assignable to type 'UIMessagePart<UIDataTypes, UITools>'.
          Type 'import("C:/Users/User/Downloads/math-bot/node_modules/.pnpm/ai@6.0.134_zod@4.1.12/node_modules/ai/dist/index").TextUIPart' is not assignable to type 'import("C:/Users/User/Downloads/math-bot/node_modules/.pnpm/ai@5.0.100_zod@4.1.12/node_modules/ai/dist/index").TextUIPart'.
            Types of property 'providerMetadata' are incompatible.
              Type 'SharedV3ProviderMetadata | undefined' is not assignable to type 'SharedV2ProviderMetadata | undefined'.
                Type 'SharedV3ProviderMetadata' is not assignable to type 'SharedV2ProviderMetadata'.
                  'string' index signatures are incompatible.
                    Type 'JSONObject' is not assignable to type 'Record<string, JSONValue>'.
                      'string' index signatures are incompatible.
                        Type 'JSONValue | undefined' is not assignable to type 'JSONValue'.
                          Type 'undefined' is not assignable to type 'JSONValue'.
src/components/message-parts.tsx(92,32): error TS2344: Type 'import("C:/Users/User/Downloads/math-bot/node_modules/.pnpm/ai@6.0.134_zod@4.1.12/node_modules/ai/dist/index").UIMessage<unknown, import("C:/Users/User/Downloads/math-bot/node_modules/.pnpm/ai@6.0.134_zod@4.1.12/node_modules/ai/dist/index").UIDataTypes, import("C:/Users/User/Downloads/math-bot/node_modules/.pnpm/ai@...' does not satisfy the constraint 'import("C:/Users/User/Downloads/math-bot/node_modules/.pnpm/ai@5.0.100_zod@4.1.12/node_modules/ai/dist/index").UIMessage<unknown, import("C:/Users/User/Downloads/math-bot/node_modules/.pnpm/ai@5.0.100_zod@4.1.12/node_modules/ai/dist/index").UIDataTypes, import("C:/Users/User/Downloads/math-bot/node_modules/.pnpm/ai@...'.
  Types of property 'parts' are incompatible.
    Type 'import("C:/Users/User/Downloads/math-bot/node_modules/.pnpm/ai@6.0.134_zod@4.1.12/node_modules/ai/dist/index").UIMessagePart<import("C:/Users/User/Downloads/math-bot/node_modules/.pnpm/ai@6.0.134_zod@4.1.12/node_modules/ai/dist/index").UIDataTypes, import("C:/Users/User/Downloads/math-bot/node_modules/.pnpm/ai@6.0.1...' is not assignable to type 'import("C:/Users/User/Downloads/math-bot/node_modules/.pnpm/ai@5.0.100_zod@4.1.12/node_modules/ai/dist/index").UIMessagePart<import("C:/Users/User/Downloads/math-bot/node_modules/.pnpm/ai@5.0.100_zod@4.1.12/node_modules/ai/dist/index").UIDataTypes, import("C:/Users/User/Downloads/math-bot/node_modules/.pnpm/ai@5.0.1...'.
      Type 'import("C:/Users/User/Downloads/math-bot/node_modules/.pnpm/ai@6.0.134_zod@4.1.12/node_modules/ai/dist/index").UIMessagePart<import("C:/Users/User/Downloads/math-bot/node_modules/.pnpm/ai@6.0.134_zod@4.1.12/node_modules/ai/dist/index").UIDataTypes, import("C:/Users/User/Downloads/math-bot/node_modules/.pnpm/ai@6.0.1...' is not assignable to type 'import("C:/Users/User/Downloads/math-bot/node_modules/.pnpm/ai@5.0.100_zod@4.1.12/node_modules/ai/dist/index").UIMessagePart<import("C:/Users/User/Downloads/math-bot/node_modules/.pnpm/ai@5.0.100_zod@4.1.12/node_modules/ai/dist/index").UIDataTypes, import("C:/Users/User/Downloads/math-bot/node_modules/.pnpm/ai@5.0.1...'.
        Type 'TextUIPart' is not assignable to type 'UIMessagePart<UIDataTypes, UITools>'.
          Type 'import("C:/Users/User/Downloads/math-bot/node_modules/.pnpm/ai@6.0.134_zod@4.1.12/node_modules/ai/dist/index").TextUIPart' is not assignable to type 'import("C:/Users/User/Downloads/math-bot/node_modules/.pnpm/ai@5.0.100_zod@4.1.12/node_modules/ai/dist/index").TextUIPart'.
            Types of property 'providerMetadata' are incompatible.
              Type 'SharedV3ProviderMetadata | undefined' is not assignable to type 'SharedV2ProviderMetadata | undefined'.
                Type 'SharedV3ProviderMetadata' is not assignable to type 'SharedV2ProviderMetadata'.
                  'string' index signatures are incompatible.
                    Type 'JSONObject' is not assignable to type 'Record<string, JSONValue>'.
                      'string' index signatures are incompatible.
                        Type 'JSONValue | undefined' is not assignable to type 'JSONValue'.
                          Type 'undefined' is not assignable to type 'JSONValue'.
src/components/message-parts.tsx(103,34): error TS2344: Type 'import("C:/Users/User/Downloads/math-bot/node_modules/.pnpm/ai@6.0.134_zod@4.1.12/node_modules/ai/dist/index").UIMessage<unknown, import("C:/Users/User/Downloads/math-bot/node_modules/.pnpm/ai@6.0.134_zod@4.1.12/node_modules/ai/dist/index").UIDataTypes, import("C:/Users/User/Downloads/math-bot/node_modules/.pnpm/ai@...' does not satisfy the constraint 'import("C:/Users/User/Downloads/math-bot/node_modules/.pnpm/ai@5.0.100_zod@4.1.12/node_modules/ai/dist/index").UIMessage<unknown, import("C:/Users/User/Downloads/math-bot/node_modules/.pnpm/ai@5.0.100_zod@4.1.12/node_modules/ai/dist/index").UIDataTypes, import("C:/Users/User/Downloads/math-bot/node_modules/.pnpm/ai@...'.
  Types of property 'parts' are incompatible.
    Type 'import("C:/Users/User/Downloads/math-bot/node_modules/.pnpm/ai@6.0.134_zod@4.1.12/node_modules/ai/dist/index").UIMessagePart<import("C:/Users/User/Downloads/math-bot/node_modules/.pnpm/ai@6.0.134_zod@4.1.12/node_modules/ai/dist/index").UIDataTypes, import("C:/Users/User/Downloads/math-bot/node_modules/.pnpm/ai@6.0.1...' is not assignable to type 'import("C:/Users/User/Downloads/math-bot/node_modules/.pnpm/ai@5.0.100_zod@4.1.12/node_modules/ai/dist/index").UIMessagePart<import("C:/Users/User/Downloads/math-bot/node_modules/.pnpm/ai@5.0.100_zod@4.1.12/node_modules/ai/dist/index").UIDataTypes, import("C:/Users/User/Downloads/math-bot/node_modules/.pnpm/ai@5.0.1...'.
      Type 'import("C:/Users/User/Downloads/math-bot/node_modules/.pnpm/ai@6.0.134_zod@4.1.12/node_modules/ai/dist/index").UIMessagePart<import("C:/Users/User/Downloads/math-bot/node_modules/.pnpm/ai@6.0.134_zod@4.1.12/node_modules/ai/dist/index").UIDataTypes, import("C:/Users/User/Downloads/math-bot/node_modules/.pnpm/ai@6.0.1...' is not assignable to type 'import("C:/Users/User/Downloads/math-bot/node_modules/.pnpm/ai@5.0.100_zod@4.1.12/node_modules/ai/dist/index").UIMessagePart<import("C:/Users/User/Downloads/math-bot/node_modules/.pnpm/ai@5.0.100_zod@4.1.12/node_modules/ai/dist/index").UIDataTypes, import("C:/Users/User/Downloads/math-bot/node_modules/.pnpm/ai@5.0.1...'.
        Type 'TextUIPart' is not assignable to type 'UIMessagePart<UIDataTypes, UITools>'.
          Type 'import("C:/Users/User/Downloads/math-bot/node_modules/.pnpm/ai@6.0.134_zod@4.1.12/node_modules/ai/dist/index").TextUIPart' is not assignable to type 'import("C:/Users/User/Downloads/math-bot/node_modules/.pnpm/ai@5.0.100_zod@4.1.12/node_modules/ai/dist/index").TextUIPart'.
            Types of property 'providerMetadata' are incompatible.
              Type 'SharedV3ProviderMetadata | undefined' is not assignable to type 'SharedV2ProviderMetadata | undefined'.
                Type 'SharedV3ProviderMetadata' is not assignable to type 'SharedV2ProviderMetadata'.
                  'string' index signatures are incompatible.
                    Type 'JSONObject' is not assignable to type 'Record<string, JSONValue>'.
                      'string' index signatures are incompatible.
                        Type 'JSONValue | undefined' is not assignable to type 'JSONValue'.
                          Type 'undefined' is not assignable to type 'JSONValue'.
src/components/message-parts.tsx(105,32): error TS2344: Type 'import("C:/Users/User/Downloads/math-bot/node_modules/.pnpm/ai@6.0.134_zod@4.1.12/node_modules/ai/dist/index").UIMessage<unknown, import("C:/Users/User/Downloads/math-bot/node_modules/.pnpm/ai@6.0.134_zod@4.1.12/node_modules/ai/dist/index").UIDataTypes, import("C:/Users/User/Downloads/math-bot/node_modules/.pnpm/ai@...' does not satisfy the constraint 'import("C:/Users/User/Downloads/math-bot/node_modules/.pnpm/ai@5.0.100_zod@4.1.12/node_modules/ai/dist/index").UIMessage<unknown, import("C:/Users/User/Downloads/math-bot/node_modules/.pnpm/ai@5.0.100_zod@4.1.12/node_modules/ai/dist/index").UIDataTypes, import("C:/Users/User/Downloads/math-bot/node_modules/.pnpm/ai@...'.
  Types of property 'parts' are incompatible.
    Type 'import("C:/Users/User/Downloads/math-bot/node_modules/.pnpm/ai@6.0.134_zod@4.1.12/node_modules/ai/dist/index").UIMessagePart<import("C:/Users/User/Downloads/math-bot/node_modules/.pnpm/ai@6.0.134_zod@4.1.12/node_modules/ai/dist/index").UIDataTypes, import("C:/Users/User/Downloads/math-bot/node_modules/.pnpm/ai@6.0.1...' is not assignable to type 'import("C:/Users/User/Downloads/math-bot/node_modules/.pnpm/ai@5.0.100_zod@4.1.12/node_modules/ai/dist/index").UIMessagePart<import("C:/Users/User/Downloads/math-bot/node_modules/.pnpm/ai@5.0.100_zod@4.1.12/node_modules/ai/dist/index").UIDataTypes, import("C:/Users/User/Downloads/math-bot/node_modules/.pnpm/ai@5.0.1...'.
      Type 'import("C:/Users/User/Downloads/math-bot/node_modules/.pnpm/ai@6.0.134_zod@4.1.12/node_modules/ai/dist/index").UIMessagePart<import("C:/Users/User/Downloads/math-bot/node_modules/.pnpm/ai@6.0.134_zod@4.1.12/node_modules/ai/dist/index").UIDataTypes, import("C:/Users/User/Downloads/math-bot/node_modules/.pnpm/ai@6.0.1...' is not assignable to type 'import("C:/Users/User/Downloads/math-bot/node_modules/.pnpm/ai@5.0.100_zod@4.1.12/node_modules/ai/dist/index").UIMessagePart<import("C:/Users/User/Downloads/math-bot/node_modules/.pnpm/ai@5.0.100_zod@4.1.12/node_modules/ai/dist/index").UIDataTypes, import("C:/Users/User/Downloads/math-bot/node_modules/.pnpm/ai@5.0.1...'.
        Type 'TextUIPart' is not assignable to type 'UIMessagePart<UIDataTypes, UITools>'.
          Type 'import("C:/Users/User/Downloads/math-bot/node_modules/.pnpm/ai@6.0.134_zod@4.1.12/node_modules/ai/dist/index").TextUIPart' is not assignable to type 'import("C:/Users/User/Downloads/math-bot/node_modules/.pnpm/ai@5.0.100_zod@4.1.12/node_modules/ai/dist/index").TextUIPart'.
            Types of property 'providerMetadata' are incompatible.
              Type 'SharedV3ProviderMetadata | undefined' is not assignable to type 'SharedV2ProviderMetadata | undefined'.
                Type 'SharedV3ProviderMetadata' is not assignable to type 'SharedV2ProviderMetadata'.
                  'string' index signatures are incompatible.
                    Type 'JSONObject' is not assignable to type 'Record<string, JSONValue>'.
                      'string' index signatures are incompatible.
                        Type 'JSONValue | undefined' is not assignable to type 'JSONValue'.
                          Type 'undefined' is not assignable to type 'JSONValue'.
src/components/message.tsx(28,32): error TS2344: Type 'import("C:/Users/User/Downloads/math-bot/node_modules/.pnpm/ai@6.0.134_zod@4.1.12/node_modules/ai/dist/index").UIMessage<unknown, import("C:/Users/User/Downloads/math-bot/node_modules/.pnpm/ai@6.0.134_zod@4.1.12/node_modules/ai/dist/index").UIDataTypes, import("C:/Users/User/Downloads/math-bot/node_modules/.pnpm/ai@...' does not satisfy the constraint 'import("C:/Users/User/Downloads/math-bot/node_modules/.pnpm/ai@5.0.100_zod@4.1.12/node_modules/ai/dist/index").UIMessage<unknown, import("C:/Users/User/Downloads/math-bot/node_modules/.pnpm/ai@5.0.100_zod@4.1.12/node_modules/ai/dist/index").UIDataTypes, import("C:/Users/User/Downloads/math-bot/node_modules/.pnpm/ai@...'.
  Types of property 'parts' are incompatible.
    Type 'import("C:/Users/User/Downloads/math-bot/node_modules/.pnpm/ai@6.0.134_zod@4.1.12/node_modules/ai/dist/index").UIMessagePart<import("C:/Users/User/Downloads/math-bot/node_modules/.pnpm/ai@6.0.134_zod@4.1.12/node_modules/ai/dist/index").UIDataTypes, import("C:/Users/User/Downloads/math-bot/node_modules/.pnpm/ai@6.0.1...' is not assignable to type 'import("C:/Users/User/Downloads/math-bot/node_modules/.pnpm/ai@5.0.100_zod@4.1.12/node_modules/ai/dist/index").UIMessagePart<import("C:/Users/User/Downloads/math-bot/node_modules/.pnpm/ai@5.0.100_zod@4.1.12/node_modules/ai/dist/index").UIDataTypes, import("C:/Users/User/Downloads/math-bot/node_modules/.pnpm/ai@5.0.1...'.
      Type 'import("C:/Users/User/Downloads/math-bot/node_modules/.pnpm/ai@6.0.134_zod@4.1.12/node_modules/ai/dist/index").UIMessagePart<import("C:/Users/User/Downloads/math-bot/node_modules/.pnpm/ai@6.0.134_zod@4.1.12/node_modules/ai/dist/index").UIDataTypes, import("C:/Users/User/Downloads/math-bot/node_modules/.pnpm/ai@6.0.1...' is not assignable to type 'import("C:/Users/User/Downloads/math-bot/node_modules/.pnpm/ai@5.0.100_zod@4.1.12/node_modules/ai/dist/index").UIMessagePart<import("C:/Users/User/Downloads/math-bot/node_modules/.pnpm/ai@5.0.100_zod@4.1.12/node_modules/ai/dist/index").UIDataTypes, import("C:/Users/User/Downloads/math-bot/node_modules/.pnpm/ai@5.0.1...'.
        Type 'TextUIPart' is not assignable to type 'UIMessagePart<UIDataTypes, UITools>'.
          Type 'import("C:/Users/User/Downloads/math-bot/node_modules/.pnpm/ai@6.0.134_zod@4.1.12/node_modules/ai/dist/index").TextUIPart' is not assignable to type 'import("C:/Users/User/Downloads/math-bot/node_modules/.pnpm/ai@5.0.100_zod@4.1.12/node_modules/ai/dist/index").TextUIPart'.
            Types of property 'providerMetadata' are incompatible.
              Type 'SharedV3ProviderMetadata | undefined' is not assignable to type 'SharedV2ProviderMetadata | undefined'.
                Type 'SharedV3ProviderMetadata' is not assignable to type 'SharedV2ProviderMetadata'.
                  'string' index signatures are incompatible.
                    Type 'JSONObject' is not assignable to type 'Record<string, JSONValue>'.
                      'string' index signatures are incompatible.
                        Type 'JSONValue | undefined' is not assignable to type 'JSONValue'.
                          Type 'undefined' is not assignable to type 'JSONValue'.
src/components/message.tsx(29,32): error TS2344: Type 'import("C:/Users/User/Downloads/math-bot/node_modules/.pnpm/ai@6.0.134_zod@4.1.12/node_modules/ai/dist/index").UIMessage<unknown, import("C:/Users/User/Downloads/math-bot/node_modules/.pnpm/ai@6.0.134_zod@4.1.12/node_modules/ai/dist/index").UIDataTypes, import("C:/Users/User/Downloads/math-bot/node_modules/.pnpm/ai@...' does not satisfy the constraint 'import("C:/Users/User/Downloads/math-bot/node_modules/.pnpm/ai@5.0.100_zod@4.1.12/node_modules/ai/dist/index").UIMessage<unknown, import("C:/Users/User/Downloads/math-bot/node_modules/.pnpm/ai@5.0.100_zod@4.1.12/node_modules/ai/dist/index").UIDataTypes, import("C:/Users/User/Downloads/math-bot/node_modules/.pnpm/ai@...'.
  Types of property 'parts' are incompatible.
    Type 'import("C:/Users/User/Downloads/math-bot/node_modules/.pnpm/ai@6.0.134_zod@4.1.12/node_modules/ai/dist/index").UIMessagePart<import("C:/Users/User/Downloads/math-bot/node_modules/.pnpm/ai@6.0.134_zod@4.1.12/node_modules/ai/dist/index").UIDataTypes, import("C:/Users/User/Downloads/math-bot/node_modules/.pnpm/ai@6.0.1...' is not assignable to type 'import("C:/Users/User/Downloads/math-bot/node_modules/.pnpm/ai@5.0.100_zod@4.1.12/node_modules/ai/dist/index").UIMessagePart<import("C:/Users/User/Downloads/math-bot/node_modules/.pnpm/ai@5.0.100_zod@4.1.12/node_modules/ai/dist/index").UIDataTypes, import("C:/Users/User/Downloads/math-bot/node_modules/.pnpm/ai@5.0.1...'.
      Type 'import("C:/Users/User/Downloads/math-bot/node_modules/.pnpm/ai@6.0.134_zod@4.1.12/node_modules/ai/dist/index").UIMessagePart<import("C:/Users/User/Downloads/math-bot/node_modules/.pnpm/ai@6.0.134_zod@4.1.12/node_modules/ai/dist/index").UIDataTypes, import("C:/Users/User/Downloads/math-bot/node_modules/.pnpm/ai@6.0.1...' is not assignable to type 'import("C:/Users/User/Downloads/math-bot/node_modules/.pnpm/ai@5.0.100_zod@4.1.12/node_modules/ai/dist/index").UIMessagePart<import("C:/Users/User/Downloads/math-bot/node_modules/.pnpm/ai@5.0.100_zod@4.1.12/node_modules/ai/dist/index").UIDataTypes, import("C:/Users/User/Downloads/math-bot/node_modules/.pnpm/ai@5.0.1...'.
        Type 'TextUIPart' is not assignable to type 'UIMessagePart<UIDataTypes, UITools>'.
          Type 'import("C:/Users/User/Downloads/math-bot/node_modules/.pnpm/ai@6.0.134_zod@4.1.12/node_modules/ai/dist/index").TextUIPart' is not assignable to type 'import("C:/Users/User/Downloads/math-bot/node_modules/.pnpm/ai@5.0.100_zod@4.1.12/node_modules/ai/dist/index").TextUIPart'.
            Types of property 'providerMetadata' are incompatible.
              Type 'SharedV3ProviderMetadata | undefined' is not assignable to type 'SharedV2ProviderMetadata | undefined'.
                Type 'SharedV3ProviderMetadata' is not assignable to type 'SharedV2ProviderMetadata'.
                  'string' index signatures are incompatible.
                    Type 'JSONObject' is not assignable to type 'Record<string, JSONValue>'.
                      'string' index signatures are incompatible.
                        Type 'JSONValue | undefined' is not assignable to type 'JSONValue'.
                          Type 'undefined' is not assignable to type 'JSONValue'.
src/components/message.tsx(31,34): error TS2344: Type 'import("C:/Users/User/Downloads/math-bot/node_modules/.pnpm/ai@6.0.134_zod@4.1.12/node_modules/ai/dist/index").UIMessage<unknown, import("C:/Users/User/Downloads/math-bot/node_modules/.pnpm/ai@6.0.134_zod@4.1.12/node_modules/ai/dist/index").UIDataTypes, import("C:/Users/User/Downloads/math-bot/node_modules/.pnpm/ai@...' does not satisfy the constraint 'import("C:/Users/User/Downloads/math-bot/node_modules/.pnpm/ai@5.0.100_zod@4.1.12/node_modules/ai/dist/index").UIMessage<unknown, import("C:/Users/User/Downloads/math-bot/node_modules/.pnpm/ai@5.0.100_zod@4.1.12/node_modules/ai/dist/index").UIDataTypes, import("C:/Users/User/Downloads/math-bot/node_modules/.pnpm/ai@...'.
  Types of property 'parts' are incompatible.
    Type 'import("C:/Users/User/Downloads/math-bot/node_modules/.pnpm/ai@6.0.134_zod@4.1.12/node_modules/ai/dist/index").UIMessagePart<import("C:/Users/User/Downloads/math-bot/node_modules/.pnpm/ai@6.0.134_zod@4.1.12/node_modules/ai/dist/index").UIDataTypes, import("C:/Users/User/Downloads/math-bot/node_modules/.pnpm/ai@6.0.1...' is not assignable to type 'import("C:/Users/User/Downloads/math-bot/node_modules/.pnpm/ai@5.0.100_zod@4.1.12/node_modules/ai/dist/index").UIMessagePart<import("C:/Users/User/Downloads/math-bot/node_modules/.pnpm/ai@5.0.100_zod@4.1.12/node_modules/ai/dist/index").UIDataTypes, import("C:/Users/User/Downloads/math-bot/node_modules/.pnpm/ai@5.0.1...'.
      Type 'import("C:/Users/User/Downloads/math-bot/node_modules/.pnpm/ai@6.0.134_zod@4.1.12/node_modules/ai/dist/index").UIMessagePart<import("C:/Users/User/Downloads/math-bot/node_modules/.pnpm/ai@6.0.134_zod@4.1.12/node_modules/ai/dist/index").UIDataTypes, import("C:/Users/User/Downloads/math-bot/node_modules/.pnpm/ai@6.0.1...' is not assignable to type 'import("C:/Users/User/Downloads/math-bot/node_modules/.pnpm/ai@5.0.100_zod@4.1.12/node_modules/ai/dist/index").UIMessagePart<import("C:/Users/User/Downloads/math-bot/node_modules/.pnpm/ai@5.0.100_zod@4.1.12/node_modules/ai/dist/index").UIDataTypes, import("C:/Users/User/Downloads/math-bot/node_modules/.pnpm/ai@5.0.1...'.
        Type 'TextUIPart' is not assignable to type 'UIMessagePart<UIDataTypes, UITools>'.
          Type 'import("C:/Users/User/Downloads/math-bot/node_modules/.pnpm/ai@6.0.134_zod@4.1.12/node_modules/ai/dist/index").TextUIPart' is not assignable to type 'import("C:/Users/User/Downloads/math-bot/node_modules/.pnpm/ai@5.0.100_zod@4.1.12/node_modules/ai/dist/index").TextUIPart'.
            Types of property 'providerMetadata' are incompatible.
              Type 'SharedV3ProviderMetadata | undefined' is not assignable to type 'SharedV2ProviderMetadata | undefined'.
                Type 'SharedV3ProviderMetadata' is not assignable to type 'SharedV2ProviderMetadata'.
                  'string' index signatures are incompatible.
                    Type 'JSONObject' is not assignable to type 'Record<string, JSONValue>'.
                      'string' index signatures are incompatible.
                        Type 'JSONValue | undefined' is not assignable to type 'JSONValue'.
                          Type 'undefined' is not assignable to type 'JSONValue'.
src/components/message.tsx(33,27): error TS2344: Type 'import("C:/Users/User/Downloads/math-bot/node_modules/.pnpm/ai@6.0.134_zod@4.1.12/node_modules/ai/dist/index").UIMessage<unknown, import("C:/Users/User/Downloads/math-bot/node_modules/.pnpm/ai@6.0.134_zod@4.1.12/node_modules/ai/dist/index").UIDataTypes, import("C:/Users/User/Downloads/math-bot/node_modules/.pnpm/ai@...' does not satisfy the constraint 'import("C:/Users/User/Downloads/math-bot/node_modules/.pnpm/ai@5.0.100_zod@4.1.12/node_modules/ai/dist/index").UIMessage<unknown, import("C:/Users/User/Downloads/math-bot/node_modules/.pnpm/ai@5.0.100_zod@4.1.12/node_modules/ai/dist/index").UIDataTypes, import("C:/Users/User/Downloads/math-bot/node_modules/.pnpm/ai@...'.
  Types of property 'parts' are incompatible.
    Type 'import("C:/Users/User/Downloads/math-bot/node_modules/.pnpm/ai@6.0.134_zod@4.1.12/node_modules/ai/dist/index").UIMessagePart<import("C:/Users/User/Downloads/math-bot/node_modules/.pnpm/ai@6.0.134_zod@4.1.12/node_modules/ai/dist/index").UIDataTypes, import("C:/Users/User/Downloads/math-bot/node_modules/.pnpm/ai@6.0.1...' is not assignable to type 'import("C:/Users/User/Downloads/math-bot/node_modules/.pnpm/ai@5.0.100_zod@4.1.12/node_modules/ai/dist/index").UIMessagePart<import("C:/Users/User/Downloads/math-bot/node_modules/.pnpm/ai@5.0.100_zod@4.1.12/node_modules/ai/dist/index").UIDataTypes, import("C:/Users/User/Downloads/math-bot/node_modules/.pnpm/ai@5.0.1...'.
      Type 'import("C:/Users/User/Downloads/math-bot/node_modules/.pnpm/ai@6.0.134_zod@4.1.12/node_modules/ai/dist/index").UIMessagePart<import("C:/Users/User/Downloads/math-bot/node_modules/.pnpm/ai@6.0.134_zod@4.1.12/node_modules/ai/dist/index").UIDataTypes, import("C:/Users/User/Downloads/math-bot/node_modules/.pnpm/ai@6.0.1...' is not assignable to type 'import("C:/Users/User/Downloads/math-bot/node_modules/.pnpm/ai@5.0.100_zod@4.1.12/node_modules/ai/dist/index").UIMessagePart<import("C:/Users/User/Downloads/math-bot/node_modules/.pnpm/ai@5.0.100_zod@4.1.12/node_modules/ai/dist/index").UIDataTypes, import("C:/Users/User/Downloads/math-bot/node_modules/.pnpm/ai@5.0.1...'.
        Type 'TextUIPart' is not assignable to type 'UIMessagePart<UIDataTypes, UITools>'.
          Type 'import("C:/Users/User/Downloads/math-bot/node_modules/.pnpm/ai@6.0.134_zod@4.1.12/node_modules/ai/dist/index").TextUIPart' is not assignable to type 'import("C:/Users/User/Downloads/math-bot/node_modules/.pnpm/ai@5.0.100_zod@4.1.12/node_modules/ai/dist/index").TextUIPart'.
            Types of property 'providerMetadata' are incompatible.
              Type 'SharedV3ProviderMetadata | undefined' is not assignable to type 'SharedV2ProviderMetadata | undefined'.
                Type 'SharedV3ProviderMetadata' is not assignable to type 'SharedV2ProviderMetadata'.
                  'string' index signatures are incompatible.
                    Type 'JSONObject' is not assignable to type 'Record<string, JSONValue>'.
                      'string' index signatures are incompatible.
                        Type 'JSONValue | undefined' is not assignable to type 'JSONValue'.
                          Type 'undefined' is not assignable to type 'JSONValue'.
src/components/message.tsx(159,19): error TS2322: Type 'DynamicToolUIPart | ({ type: `tool-${string}`; } & UIToolInvocation<UITool>)' is not assignable to type '{ type: `tool-${string}`; } & UIToolInvocation<UITool>'.
  Type '{ type: "dynamic-tool"; toolName: string; toolCallId: string; title?: string | undefined; providerExecuted?: boolean | undefined; } & { state: "input-streaming"; input: unknown; output?: undefined; errorText?: undefined; callProviderMetadata?: SharedV3ProviderMetadata | undefined; approval?: undefined; }' is not assignable to type '{ type: `tool-${string}`; } & UIToolInvocation<UITool>'.
    Type '{ type: "dynamic-tool"; toolName: string; toolCallId: string; title?: string | undefined; providerExecuted?: boolean | undefined; } & { state: "input-streaming"; input: unknown; output?: undefined; errorText?: undefined; callProviderMetadata?: SharedV3ProviderMetadata | undefined; approval?: undefined; }' is not assignable to type '{ type: `tool-${string}`; } & { toolCallId: string; title?: string | undefined; providerExecuted?: boolean | undefined; } & { state: "input-streaming"; input: unknown; output?: undefined; errorText?: undefined; callProviderMetadata?: SharedV3ProviderMetadata | undefined; approval?: undefined; }'.
      Type '{ type: "dynamic-tool"; toolName: string; toolCallId: string; title?: string | undefined; providerExecuted?: boolean | undefined; } & { state: "input-streaming"; input: unknown; output?: undefined; errorText?: undefined; callProviderMetadata?: SharedV3ProviderMetadata | undefined; approval?: undefined; }' is not assignable to type '{ type: `tool-${string}`; }'.
        Types of property 'type' are incompatible.
          Type '"dynamic-tool"' is not assignable to type '`tool-${string}`'.
src/lib/ai/models.ts(98,65): error TS2345: Argument of type 'LanguageModelV2' is not assignable to parameter of type 'LanguageModelV3'.
  Types of property 'specificationVersion' are incompatible.
    Type '"v2"' is not assignable to type '"v3"'.
src/lib/ai/models.ts(113,61): error TS2345: Argument of type 'LanguageModelV3' is not assignable to parameter of type 'LanguageModelV2'.
  Types of property 'specificationVersion' are incompatible.
    Type '"v3"' is not assignable to type '"v2"'.
src/lib/ai/tools/image/index.ts(31,3): error TS2769: No overload matches this call.
  The last overload gave the following error.
    Type 'ZodObject<{ mode: ZodDefault<ZodOptional<ZodEnum<{ create: "create"; edit: "edit"; composite: "composite"; }>>>; }, $strip>' is not assignable to type 'FlexibleSchema<never>'.
      Type 'ZodObject<{ mode: ZodDefault<ZodOptional<ZodEnum<{ create: "create"; edit: "edit"; composite: "composite"; }>>>; }, $strip>' is missing the following properties from type 'ZodType<never, ZodTypeDef, any>': _type, _parse, _getType, _getOrReturnCtx, and 7 more.
        Type '({ mode }: { mode: "create" | "edit" | "composite"; }, { messages, abortSignal }: ToolExecutionOptions) => Promise<{ images: { url: string; mimeType: string | undefined; }[]; mode: "create" | "edit" | "composite"; model: string; guide: string; }>' is not assignable to type 'undefined'.
src/lib/ai/tools/image/index.ts(40,3): error TS2769: No overload matches this call.
  The last overload gave the following error.
    Type 'ZodObject<{ mode: ZodDefault<ZodOptional<ZodEnum<{ create: "create"; edit: "edit"; composite: "composite"; }>>>; }, $strip>' is not assignable to type 'FlexibleSchema<never>'.
      Type 'ZodObject<{ mode: ZodDefault<ZodOptional<ZodEnum<{ create: "create"; edit: "edit"; composite: "composite"; }>>>; }, $strip>' is missing the following properties from type 'ZodType<never, ZodTypeDef, any>': _type, _parse, _getType, _getOrReturnCtx, and 7 more.
        Type '({ mode }: { mode: "create" | "edit" | "composite"; }, { messages, abortSignal }: ToolExecutionOptions) => Promise<{ images: { url: string; mimeType: string | undefined; }[]; mode: "create" | "edit" | "composite"; model: string; guide: string; }>' is not assignable to type 'undefined'.
src/lib/ai/tools/image/index.ts(52,47): error TS2345: Argument of type '(part: ToolResultPart) => FilePart[]' is not assignable to parameter of type '(this: undefined, value: ToolResultPart | ToolApprovalResponse, index: number, array: (ToolResultPart | ToolApprovalResponse)[]) => FilePart | readonly FilePart[]'.
  Types of parameters 'part' and 'value' are incompatible.
    Type 'ToolResultPart | ToolApprovalResponse' is not assignable to type 'ToolResultPart'.
      Type 'ToolApprovalResponse' is missing the following properties from type 'ToolResultPart': toolCallId, toolName, output
src/lib/ai/tools/image/index.ts(119,3): error TS2769: No overload matches this call.
  The last overload gave the following error.
    Type 'ZodObject<{ mode: ZodDefault<ZodOptional<ZodEnum<{ create: "create"; edit: "edit"; composite: "composite"; }>>>; }, $strip>' is not assignable to type 'FlexibleSchema<never>'.
      Type 'ZodObject<{ mode: ZodDefault<ZodOptional<ZodEnum<{ create: "create"; edit: "edit"; composite: "composite"; }>>>; }, $strip>' is missing the following properties from type 'ZodType<never, ZodTypeDef, any>': _type, _parse, _getType, _getOrReturnCtx, and 7 more.
        Type '({ mode }: { mode: "create" | "edit" | "composite"; }, { messages, abortSignal }: ToolExecutionOptions) => Promise<{ images: { url: string; mimeType: string; }[]; mode: "create" | "edit" | "composite"; model: string; guide: string; }>' is not assignable to type 'undefined'.
src/lib/ai/tools/image/index.ts(128,3): error TS2769: No overload matches this call.
  The last overload gave the following error.
    Type 'ZodObject<{ mode: ZodDefault<ZodOptional<ZodEnum<{ create: "create"; edit: "edit"; composite: "composite"; }>>>; }, $strip>' is not assignable to type 'FlexibleSchema<never>'.
      Type 'ZodObject<{ mode: ZodDefault<ZodOptional<ZodEnum<{ create: "create"; edit: "edit"; composite: "composite"; }>>>; }, $strip>' is missing the following properties from type 'ZodType<never, ZodTypeDef, any>': _type, _parse, _getType, _getOrReturnCtx, and 7 more.
        Type '({ mode }: { mode: "create" | "edit" | "composite"; }, { messages, abortSignal }: ToolExecutionOptions) => Promise<{ images: { url: string; mimeType: string; }[]; mode: "create" | "edit" | "composite"; model: string; guide: string; }>' is not assignable to type 'undefined'.
src/lib/ai/tools/image/index.ts(141,45): error TS2345: Argument of type '(part: ToolResultPart) => ImagePart[]' is not assignable to parameter of type '(this: undefined, value: ToolResultPart | ToolApprovalResponse, index: number, array: (ToolResultPart | ToolApprovalResponse)[]) => ImagePart | readonly ImagePart[]'.
  Types of parameters 'part' and 'value' are incompatible.
    Type 'ToolResultPart | ToolApprovalResponse' is not assignable to type 'ToolResultPart'.
      Type 'ToolApprovalResponse' is missing the following properties from type 'ToolResultPart': toolCallId, toolName, output
src/lib/ai/tools/image/index.ts(200,30): error TS2339: Property 'value' does not exist on type 'ToolResultOutput'.
  Property 'value' does not exist on type '{ type: "execution-denied"; reason?: string | undefined; providerOptions?: SharedV3ProviderOptions | undefined; }'.
src/lib/ai/tools/image/index.ts(211,30): error TS2339: Property 'value' does not exist on type 'ToolResultOutput'.
  Property 'value' does not exist on type '{ type: "execution-denied"; reason?: string | undefined; providerOptions?: SharedV3ProviderOptions | undefined; }'.
src/lib/ai/workflow/executor/node-executor.ts(112,7): error TS2740: Type 'Promise<ModelMessage[]>' is missing the following properties from type 'ModelMessage[]': length, pop, push, concat, and 35 more.
src/lib/ai/workflow/executor/node-executor.ts(124,5): error TS2740: Type 'Promise<ModelMessage[]>' is missing the following properties from type 'ModelMessage[]': length, pop, push, concat, and 35 more.
ΓÇëELIFECYCLEΓÇë Command failed with exit code 1.
